Archive member included to satisfy reference by file (symbol)

d:/program files/pico sdk v1.5.0/gcc-arm-none-eabi/bin/../lib/gcc/arm-none-eabi/10.3.1/thumb/v6-m/nofp\libgcc.a(_dvmd_tls.o)
                              CMakeFiles/picoprobe.dir/D_/Program_Files/Pico_SDK_v1.5.0/pico-sdk/src/rp2_common/pico_divider/divider.S.obj (__aeabi_idiv0)
d:/program files/pico sdk v1.5.0/gcc-arm-none-eabi/bin/../lib/gcc/arm-none-eabi/10.3.1/../../../../arm-none-eabi/lib/thumb/v6-m/nofp\libg.a(lib_a-calloc.o)
                              CMakeFiles/picoprobe.dir/D_/Program_Files/Pico_SDK_v1.5.0/pico-sdk/src/rp2_common/pico_malloc/pico_malloc.c.obj (calloc)
d:/program files/pico sdk v1.5.0/gcc-arm-none-eabi/bin/../lib/gcc/arm-none-eabi/10.3.1/../../../../arm-none-eabi/lib/thumb/v6-m/nofp\libg.a(lib_a-callocr.o)
                              d:/program files/pico sdk v1.5.0/gcc-arm-none-eabi/bin/../lib/gcc/arm-none-eabi/10.3.1/../../../../arm-none-eabi/lib/thumb/v6-m/nofp\libg.a(lib_a-calloc.o) (_calloc_r)
d:/program files/pico sdk v1.5.0/gcc-arm-none-eabi/bin/../lib/gcc/arm-none-eabi/10.3.1/../../../../arm-none-eabi/lib/thumb/v6-m/nofp\libg.a(lib_a-errno.o)
                              d:/program files/pico sdk v1.5.0/gcc-arm-none-eabi/bin/../lib/gcc/arm-none-eabi/10.3.1/../../../../arm-none-eabi/lib/thumb/v6-m/nofp\libg.a(lib_a-callocr.o) (__errno)
d:/program files/pico sdk v1.5.0/gcc-arm-none-eabi/bin/../lib/gcc/arm-none-eabi/10.3.1/../../../../arm-none-eabi/lib/thumb/v6-m/nofp\libg.a(lib_a-impure.o)
                              d:/program files/pico sdk v1.5.0/gcc-arm-none-eabi/bin/../lib/gcc/arm-none-eabi/10.3.1/../../../../arm-none-eabi/lib/thumb/v6-m/nofp\libg.a(lib_a-calloc.o) (_impure_ptr)
d:/program files/pico sdk v1.5.0/gcc-arm-none-eabi/bin/../lib/gcc/arm-none-eabi/10.3.1/../../../../arm-none-eabi/lib/thumb/v6-m/nofp\libg.a(lib_a-init.o)
                              d:/program files/pico sdk v1.5.0/gcc-arm-none-eabi/bin/../lib/gcc/arm-none-eabi/10.3.1/../../../../arm-none-eabi/lib/thumb/v6-m/nofp/crt0.o (__libc_init_array)
d:/program files/pico sdk v1.5.0/gcc-arm-none-eabi/bin/../lib/gcc/arm-none-eabi/10.3.1/../../../../arm-none-eabi/lib/thumb/v6-m/nofp\libg.a(lib_a-malloc.o)
                              CMakeFiles/picoprobe.dir/D_/Program_Files/Pico_SDK_v1.5.0/pico-sdk/src/rp2_common/pico_malloc/pico_malloc.c.obj (malloc)
d:/program files/pico sdk v1.5.0/gcc-arm-none-eabi/bin/../lib/gcc/arm-none-eabi/10.3.1/../../../../arm-none-eabi/lib/thumb/v6-m/nofp\libg.a(lib_a-mallocr.o)
                              d:/program files/pico sdk v1.5.0/gcc-arm-none-eabi/bin/../lib/gcc/arm-none-eabi/10.3.1/../../../../arm-none-eabi/lib/thumb/v6-m/nofp\libg.a(lib_a-callocr.o) (_malloc_r)
d:/program files/pico sdk v1.5.0/gcc-arm-none-eabi/bin/../lib/gcc/arm-none-eabi/10.3.1/../../../../arm-none-eabi/lib/thumb/v6-m/nofp\libg.a(lib_a-mlock.o)
                              d:/program files/pico sdk v1.5.0/gcc-arm-none-eabi/bin/../lib/gcc/arm-none-eabi/10.3.1/../../../../arm-none-eabi/lib/thumb/v6-m/nofp\libg.a(lib_a-mallocr.o) (__malloc_lock)
d:/program files/pico sdk v1.5.0/gcc-arm-none-eabi/bin/../lib/gcc/arm-none-eabi/10.3.1/../../../../arm-none-eabi/lib/thumb/v6-m/nofp\libg.a(lib_a-realloc.o)
                              CMakeFiles/picoprobe.dir/D_/Program_Files/Pico_SDK_v1.5.0/pico-sdk/src/rp2_common/pico_malloc/pico_malloc.c.obj (realloc)
d:/program files/pico sdk v1.5.0/gcc-arm-none-eabi/bin/../lib/gcc/arm-none-eabi/10.3.1/../../../../arm-none-eabi/lib/thumb/v6-m/nofp\libg.a(lib_a-reallocr.o)
                              d:/program files/pico sdk v1.5.0/gcc-arm-none-eabi/bin/../lib/gcc/arm-none-eabi/10.3.1/../../../../arm-none-eabi/lib/thumb/v6-m/nofp\libg.a(lib_a-realloc.o) (_realloc_r)
d:/program files/pico sdk v1.5.0/gcc-arm-none-eabi/bin/../lib/gcc/arm-none-eabi/10.3.1/../../../../arm-none-eabi/lib/thumb/v6-m/nofp\libg.a(lib_a-sbrkr.o)
                              d:/program files/pico sdk v1.5.0/gcc-arm-none-eabi/bin/../lib/gcc/arm-none-eabi/10.3.1/../../../../arm-none-eabi/lib/thumb/v6-m/nofp\libg.a(lib_a-mallocr.o) (_sbrk_r)
d:/program files/pico sdk v1.5.0/gcc-arm-none-eabi/bin/../lib/gcc/arm-none-eabi/10.3.1/../../../../arm-none-eabi/lib/thumb/v6-m/nofp\libg.a(lib_a-strlen-stub.o)
                              CMakeFiles/picoprobe.dir/src/usb_descriptors.c.obj (strlen)
d:/program files/pico sdk v1.5.0/gcc-arm-none-eabi/bin/../lib/gcc/arm-none-eabi/10.3.1/../../../../arm-none-eabi/lib/thumb/v6-m/nofp\libg.a(lib_a-freer.o)
                              d:/program files/pico sdk v1.5.0/gcc-arm-none-eabi/bin/../lib/gcc/arm-none-eabi/10.3.1/../../../../arm-none-eabi/lib/thumb/v6-m/nofp\libg.a(lib_a-malloc.o) (_free_r)
d:/program files/pico sdk v1.5.0/gcc-arm-none-eabi/bin/../lib/gcc/arm-none-eabi/10.3.1/../../../../arm-none-eabi/lib/thumb/v6-m/nofp\libg.a(lib_a-lock.o)
[...]
Memory Configuration

Name             Origin             Length             Attributes
FLASH            0x10000000         0x00200000         xr
RAM              0x20000000         0x00040000         xrw
SCRATCH_X        0x20040000         0x00001000         xrw
SCRATCH_Y        0x20041000         0x00001000         xrw
*default*        0x00000000         0xffffffff

Linker script and memory map

LOAD d:/program files/pico sdk v1.5.0/gcc-arm-none-eabi/bin/../lib/gcc/arm-none-eabi/10.3.1/thumb/v6-m/nofp/crti.o
LOAD d:/program files/pico sdk v1.5.0/gcc-arm-none-eabi/bin/../lib/gcc/arm-none-eabi/10.3.1/thumb/v6-m/nofp/crtbegin.o
LOAD d:/program files/pico sdk v1.5.0/gcc-arm-none-eabi/bin/../lib/gcc/arm-none-eabi/10.3.1/../../../../arm-none-eabi/lib/thumb/v6-m/nofp/crt0.o

.flash_begin    0x10000000        0x0
                0x10000000                __flash_binary_start = .

.boot2          0x10000000      0x100
                0x10000000                __boot2_start__ = .
 *(.boot2)
 .boot2         0x10000000      0x100 C:\Users\user\AppData\Local\Temp\ccAwOQrM.o
                0x10000100                __boot2_end__ = .
                0x00000001                ASSERT (((__boot2_end__ - __boot2_start__) == 0x100), ERROR: Pico second stage bootloader must be 256 bytes in size)

.flashtext      0x10000100      0x1d8
                0x10000100                __logical_binary_start = .
 *(.vectors)
 .vectors       0x10000100       0xd4 CMakeFiles/picoprobe.dir/D_/Program_Files/Pico_SDK_v1.5.0/pico-sdk/src/rp2_common/pico_standard_link/crt0.S.obj
                0x10000100                __VECTOR_TABLE
                0x10000100                __vectors
                0x100001c0                isr_invalid
                0x100001c0                __default_isrs_start
                0x100001c2                isr_nmi
                0x100001c4                isr_hardfault
                0x100001c6                isr_svcall
                0x100001c8                isr_pendsv
                0x100001ca                isr_systick
                0x100001cc                isr_irq23
                0x100001cc                isr_irq18
                0x100001cc                isr_irq11
                0x100001cc                isr_irq28
                0x100001cc                isr_irq19
                0x100001cc                isr_irq0
                0x100001cc                isr_irq6
                0x100001cc                isr_irq5
                0x100001cc                isr_irq12
                0x100001cc                isr_irq22
                0x100001cc                isr_irq31
                0x100001cc                isr_irq17
                0x100001cc                isr_irq27
                0x100001cc                isr_irq30
                0x100001cc                isr_irq2
                0x100001cc                isr_irq10
                0x100001cc                isr_irq8
                0x100001cc                isr_irq24
                0x100001cc                isr_irq1
                0x100001cc                isr_irq7
                0x100001cc                isr_irq21
                0x100001cc                isr_irq20
                0x100001cc                isr_irq15
                0x100001cc                isr_irq25
                0x100001cc                isr_irq13
                0x100001cc                __unhandled_user_irq
                0x100001cc                isr_irq4
                0x100001cc                isr_irq16
                0x100001cc                isr_irq29
                0x100001cc                isr_irq26
                0x100001cc                __default_isrs_end
                0x100001cc                isr_irq3
                0x100001cc                isr_irq14
                0x100001cc                isr_irq9
                0x100001d2                unhandled_user_irq_num_in_r0
 *(.binary_info_header)
 .binary_info_header
                0x100001d4       0x14 CMakeFiles/picoprobe.dir/D_/Program_Files/Pico_SDK_v1.5.0/pico-sdk/src/rp2_common/pico_standard_link/crt0.S.obj
                0x100001e8                __binary_info_header_end = .
 *(.reset)
 .reset         0x100001e8       0xac CMakeFiles/picoprobe.dir/D_/Program_Files/Pico_SDK_v1.5.0/pico-sdk/src/rp2_common/pico_standard_link/crt0.S.obj
                0x100001e8                _entry_point
 *fill*         0x10000294        0x4 
 .reset.__stub  0x10000298       0x10 linker stubs
 .reset         0x100002a8       0x30 CMakeFiles/picoprobe.dir/D_/Program_Files/Pico_SDK_v1.5.0/pico-sdk/src/rp2_common/pico_standard_link/binary_info.c.obj

.rodata         0x100002d8        0x0
 *(SORT_BY_ALIGNMENT(SORT_BY_NAME(.flashdata*)))
                0x100002d8                . = ALIGN (0x4)

.ARM.extab
 *(.ARM.extab* .gnu.linkonce.armextab.*)
                0x100002d8                __exidx_start = .

.ARM.exidx
 *(.ARM.exidx* .gnu.linkonce.armexidx.*)
                0x100002d8                __exidx_end = .
                0x100002d8                . = ALIGN (0x4)
                0x100002d8                __binary_info_start = .

.binary_info    0x100002d8       0x20
 *(.binary_info.keep.*)
 .binary_info.keep.__bi_ptr22
                0x100002d8        0x4 CMakeFiles/picoprobe.dir/D_/Program_Files/Pico_SDK_v1.5.0/pico-sdk/src/rp2_common/pico_standard_link/binary_info.c.obj
 .binary_info.keep.__bi_ptr30
                0x100002dc        0x4 CMakeFiles/picoprobe.dir/D_/Program_Files/Pico_SDK_v1.5.0/pico-sdk/src/rp2_common/pico_standard_link/binary_info.c.obj
 .binary_info.keep.__bi_ptr38
                0x100002e0        0x4 CMakeFiles/picoprobe.dir/D_/Program_Files/Pico_SDK_v1.5.0/pico-sdk/src/rp2_common/pico_standard_link/binary_info.c.obj
 .binary_info.keep.__bi_ptr44
                0x100002e4        0x4 CMakeFiles/picoprobe.dir/D_/Program_Files/Pico_SDK_v1.5.0/pico-sdk/src/rp2_common/pico_standard_link/binary_info.c.obj
 .binary_info.keep.__bi_ptr50
                0x100002e8        0x4 CMakeFiles/picoprobe.dir/D_/Program_Files/Pico_SDK_v1.5.0/pico-sdk/src/rp2_common/pico_standard_link/binary_info.c.obj
 .binary_info.keep.__bi_ptr75
                0x100002ec        0x4 CMakeFiles/picoprobe.dir/D_/Program_Files/Pico_SDK_v1.5.0/pico-sdk/src/rp2_common/pico_standard_link/binary_info.c.obj
 .binary_info.keep.__bi_ptr81
                0x100002f0        0x4 CMakeFiles/picoprobe.dir/D_/Program_Files/Pico_SDK_v1.5.0/pico-sdk/src/rp2_common/pico_standard_link/binary_info.c.obj
 .binary_info.keep.__bi_ptr142
                0x100002f4        0x4 CMakeFiles/picoprobe.dir/D_/Program_Files/Pico_SDK_v1.5.0/pico-sdk/lib/tinyusb/hw/bsp/rp2040/family.c.obj
 *(.binary_info.*)
                0x100002f8                __binary_info_end = .
                0x100002f8                . = ALIGN (0x4)

.ram_vector_table
                0x20000000       0xc0
 *(.ram_vector_table)
 .ram_vector_table
                0x20000000       0xc0 CMakeFiles/picoprobe.dir/D_/Program_Files/Pico_SDK_v1.5.0/pico-sdk/src/rp2_common/pico_runtime/runtime.c.obj
                0x20000000                ram_vector_table

.text           0x200000c0     0xa9c0 load address 0x100002f8
                0x200000c0                __ram_text_start__ = .
 *(.init)
 .init          0x200000c0        0x4 d:/program files/pico sdk v1.5.0/gcc-arm-none-eabi/bin/../lib/gcc/arm-none-eabi/10.3.1/thumb/v6-m/nofp/crti.o
                0x200000c0                _init
 *(.text*)
 .text          0x200000c4       0x48 d:/program files/pico sdk v1.5.0/gcc-arm-none-eabi/bin/../lib/gcc/arm-none-eabi/10.3.1/thumb/v6-m/nofp/crtbegin.o
 .text.led_init
                0x2000010c       0x14 CMakeFiles/picoprobe.dir/src/led.c.obj
                0x2000010c                led_init
 .text.usb_thread
                0x20000120       0x52 CMakeFiles/picoprobe.dir/src/main.c.obj
                0x20000120                usb_thread
 *fill*         0x20000172        0x2 
 .text.dap_thread
                0x20000174       0x44 CMakeFiles/picoprobe.dir/src/main.c.obj
                0x20000174                dap_thread
 .text.main     0x200001b8       0x8c CMakeFiles/picoprobe.dir/src/main.c.obj
                0x200001b8                main
 .text.tud_hid_get_report_cb
                0x20000244        0x4 CMakeFiles/picoprobe.dir/src/main.c.obj
                0x20000244                tud_hid_get_report_cb
 .text.tud_hid_set_report_cb
                0x20000248       0x2c CMakeFiles/picoprobe.dir/src/main.c.obj
                0x20000248                tud_hid_set_report_cb
 .text.tud_vendor_control_xfer_cb
                0x20000274       0x60 CMakeFiles/picoprobe.dir/src/main.c.obj
                0x20000274                tud_vendor_control_xfer_cb
 .text.vApplicationTickHook
                0x200002d4        0x2 CMakeFiles/picoprobe.dir/src/main.c.obj
                0x200002d4                vApplicationTickHook
 *fill*         0x200002d6        0x2 
 .text.vApplicationStackOverflowHook
                0x200002d8       0x10 CMakeFiles/picoprobe.dir/src/main.c.obj
                0x200002d8                vApplicationStackOverflowHook
 .text.vApplicationMallocFailedHook
                0x200002e8        0xc CMakeFiles/picoprobe.dir/src/main.c.obj
                0x200002e8                vApplicationMallocFailedHook
 .text.tud_descriptor_device_cb
                0x200002f4        0x8 CMakeFiles/picoprobe.dir/src/usb_descriptors.c.obj
                0x200002f4                tud_descriptor_device_cb
 .text.tud_hid_descriptor_report_cb
                0x200002fc        0x8 CMakeFiles/picoprobe.dir/src/usb_descriptors.c.obj
                0x200002fc                tud_hid_descriptor_report_cb
 .text.tud_descriptor_configuration_cb
                0x20000304        0x8 CMakeFiles/picoprobe.dir/src/usb_descriptors.c.obj
                0x20000304                tud_descriptor_configuration_cb
 .text.tud_descriptor_string_cb
                0x2000030c       0x60 CMakeFiles/picoprobe.dir/src/usb_descriptors.c.obj
                0x2000030c                tud_descriptor_string_cb
 .text.tud_descriptor_bos_cb
                0x2000036c        0x8 CMakeFiles/picoprobe.dir/src/usb_descriptors.c.obj
                0x2000036c                tud_descriptor_bos_cb
 .text.probe_wait_idle
                0x20000374       0x18 CMakeFiles/picoprobe.dir/src/probe.c.obj
 .text.probe_set_swclk_freq
                0x2000038c       0x30 CMakeFiles/picoprobe.dir/src/probe.c.obj
                0x2000038c                probe_set_swclk_freq
 .text.probe_write_bits
                0x200003bc       0x34 CMakeFiles/picoprobe.dir/src/probe.c.obj
                0x200003bc                probe_write_bits
 .text.probe_hiz_clocks
                0x200003f0       0x34 CMakeFiles/picoprobe.dir/src/probe.c.obj
                0x200003f0                probe_hiz_clocks
 .text.probe_read_bits
                0x20000424       0x40 CMakeFiles/picoprobe.dir/src/probe.c.obj
                0x20000424                probe_read_bits
 .text.probe_read_mode
                0x20000464       0x28 CMakeFiles/picoprobe.dir/src/probe.c.obj
                0x20000464                probe_read_mode
 .text.probe_write_mode
                0x2000048c       0x2c CMakeFiles/picoprobe.dir/src/probe.c.obj
                0x2000048c                probe_write_mode
 .text.probe_init
                0x200004b8      0x150 CMakeFiles/picoprobe.dir/src/probe.c.obj
                0x200004b8                probe_init
 .text.probe_deinit
                0x20000608       0x38 CMakeFiles/picoprobe.dir/src/probe.c.obj
                0x20000608                probe_deinit
 .text.cdc_uart_init
                0x20000640       0x38 CMakeFiles/picoprobe.dir/src/cdc_uart.c.obj
                0x20000640                cdc_uart_init
 .text.cdc_task
                0x20000678       0xf0 CMakeFiles/picoprobe.dir/src/cdc_uart.c.obj
                0x20000678                cdc_task
 .text.cdc_thread
                0x20000768       0x30 CMakeFiles/picoprobe.dir/src/cdc_uart.c.obj
                0x20000768                cdc_thread
 .text.tud_cdc_line_coding_cb
                0x20000798       0xac CMakeFiles/picoprobe.dir/src/cdc_uart.c.obj
                0x20000798                tud_cdc_line_coding_cb
 .text.tud_cdc_line_state_cb
                0x20000844       0x24 CMakeFiles/picoprobe.dir/src/cdc_uart.c.obj
                0x20000844                tud_cdc_line_state_cb
 .text.usb_serial_init
                0x20000868       0x3c CMakeFiles/picoprobe.dir/src/get_serial.c.obj
                0x20000868                usb_serial_init
 .text.SWJ_Sequence
                0x200008a4       0x5c CMakeFiles/picoprobe.dir/src/sw_dp_pio.c.obj
                0x200008a4                SWJ_Sequence
 .text.SWD_Sequence
                0x20000900       0x8c CMakeFiles/picoprobe.dir/src/sw_dp_pio.c.obj
                0x20000900                SWD_Sequence
 .text.SWD_Transfer
                0x2000098c      0x17c CMakeFiles/picoprobe.dir/src/sw_dp_pio.c.obj
                0x2000098c                SWD_Transfer
 .text.DAP_Info
                0x20000b08       0x64 CMakeFiles/picoprobe.dir/CMSIS_5/CMSIS/DAP/Firmware/Source/DAP.c.obj
 .text.DAP_Delay
                0x20000b6c       0x20 CMakeFiles/picoprobe.dir/CMSIS_5/CMSIS/DAP/Firmware/Source/DAP.c.obj
 .text.DAP_HostStatus
                0x20000b8c       0x18 CMakeFiles/picoprobe.dir/CMSIS_5/CMSIS/DAP/Firmware/Source/DAP.c.obj
 .text.DAP_ResetTarget
                0x20000ba4        0xa CMakeFiles/picoprobe.dir/CMSIS_5/CMSIS/DAP/Firmware/Source/DAP.c.obj
 *fill*         0x20000bae        0x2 
 .text.DAP_SWJ_Pins
                0x20000bb0       0x9c CMakeFiles/picoprobe.dir/CMSIS_5/CMSIS/DAP/Firmware/Source/DAP.c.obj
 .text.DAP_SWJ_Clock
                0x20000c4c       0x60 CMakeFiles/picoprobe.dir/CMSIS_5/CMSIS/DAP/Firmware/Source/DAP.c.obj
 .text.DAP_SWD_Configure
                0x20000cac       0x24 CMakeFiles/picoprobe.dir/CMSIS_5/CMSIS/DAP/Firmware/Source/DAP.c.obj
 .text.DAP_JTAG_Sequence
                0x20000cd0       0x3a CMakeFiles/picoprobe.dir/CMSIS_5/CMSIS/DAP/Firmware/Source/DAP.c.obj
 .text.DAP_JTAG_Configure
                0x20000d0a       0x10 CMakeFiles/picoprobe.dir/CMSIS_5/CMSIS/DAP/Firmware/Source/DAP.c.obj
 *fill*         0x20000d1a        0x2 
 .text.DAP_JTAG_IDCode
                0x20000d1c        0xc CMakeFiles/picoprobe.dir/CMSIS_5/CMSIS/DAP/Firmware/Source/DAP.c.obj
 .text.DAP_TransferConfigure
                0x20000d28       0x2c CMakeFiles/picoprobe.dir/CMSIS_5/CMSIS/DAP/Firmware/Source/DAP.c.obj
 .text.DAP_Dummy_Transfer
                0x20000d54       0x32 CMakeFiles/picoprobe.dir/CMSIS_5/CMSIS/DAP/Firmware/Source/DAP.c.obj
 *fill*         0x20000d86        0x2 
 .text.DAP_Connect
                0x20000d88       0x38 CMakeFiles/picoprobe.dir/CMSIS_5/CMSIS/DAP/Firmware/Source/DAP.c.obj
 .text.DAP_Disconnect
                0x20000dc0       0x18 CMakeFiles/picoprobe.dir/CMSIS_5/CMSIS/DAP/Firmware/Source/DAP.c.obj
 .text.DAP_SWJ_Sequence
                0x20000dd8       0x28 CMakeFiles/picoprobe.dir/CMSIS_5/CMSIS/DAP/Firmware/Source/DAP.c.obj
 .text.DAP_SWD_Sequence
                0x20000e00       0x94 CMakeFiles/picoprobe.dir/CMSIS_5/CMSIS/DAP/Firmware/Source/DAP.c.obj
 .text.DAP_SWD_Transfer
                0x20000e94      0x470 CMakeFiles/picoprobe.dir/CMSIS_5/CMSIS/DAP/Firmware/Source/DAP.c.obj
 .text.DAP_Transfer
                0x20001304       0x1c CMakeFiles/picoprobe.dir/CMSIS_5/CMSIS/DAP/Firmware/Source/DAP.c.obj
 .text.DAP_SWD_TransferBlock
                0x20001320      0x164 CMakeFiles/picoprobe.dir/CMSIS_5/CMSIS/DAP/Firmware/Source/DAP.c.obj
 .text.DAP_TransferBlock
                0x20001484       0x40 CMakeFiles/picoprobe.dir/CMSIS_5/CMSIS/DAP/Firmware/Source/DAP.c.obj
 .text.DAP_SWD_WriteAbort
                0x200014c4       0x2e CMakeFiles/picoprobe.dir/CMSIS_5/CMSIS/DAP/Firmware/Source/DAP.c.obj
 *fill*         0x200014f2        0x2 
 .text.DAP_WriteAbort
                0x200014f4       0x24 CMakeFiles/picoprobe.dir/CMSIS_5/CMSIS/DAP/Firmware/Source/DAP.c.obj
 .text.DAP_ProcessCommand
                0x20001518       0xc4 CMakeFiles/picoprobe.dir/CMSIS_5/CMSIS/DAP/Firmware/Source/DAP.c.obj
                0x20001518                DAP_ProcessCommand
 .text.DAP_Setup
                0x200015dc       0x50 CMakeFiles/picoprobe.dir/CMSIS_5/CMSIS/DAP/Firmware/Source/DAP.c.obj
                0x200015dc                DAP_Setup
 .text.DAP_ProcessVendorCommand
                0x2000162c        0xc CMakeFiles/picoprobe.dir/CMSIS_5/CMSIS/DAP/Firmware/Source/DAP_vendor.c.obj
                0x2000162c                DAP_ProcessVendorCommand
 .text.lock_init
                0x20001638       0x10 CMakeFiles/picoprobe.dir/D_/Program_Files/Pico_SDK_v1.5.0/pico-sdk/src/common/pico_sync/lock_core.c.obj
                0x20001638                lock_init
 .text.mutex_init
                0x20001648       0x1c CMakeFiles/picoprobe.dir/D_/Program_Files/Pico_SDK_v1.5.0/pico-sdk/src/common/pico_sync/mutex.c.obj
                0x20001648                mutex_init
 .text.recursive_mutex_init
                0x20001664       0x20 CMakeFiles/picoprobe.dir/D_/Program_Files/Pico_SDK_v1.5.0/pico-sdk/src/common/pico_sync/mutex.c.obj
                0x20001664                recursive_mutex_init
 .text.critical_section_init_with_lock_num
                0x20001684       0x14 CMakeFiles/picoprobe.dir/D_/Program_Files/Pico_SDK_v1.5.0/pico-sdk/src/common/pico_sync/critical_section.c.obj
                0x20001684                critical_section_init_with_lock_num
 .text.critical_section_init
                0x20001698       0x14 CMakeFiles/picoprobe.dir/D_/Program_Files/Pico_SDK_v1.5.0/pico-sdk/src/common/pico_sync/critical_section.c.obj
                0x20001698                critical_section_init
 .text.alarm_pool_post_alloc_init
                0x200016ac       0x40 CMakeFiles/picoprobe.dir/D_/Program_Files/Pico_SDK_v1.5.0/pico-sdk/src/common/pico_time/time.c.obj
 .text.sleep_until_callback
                0x200016ec       0x28 CMakeFiles/picoprobe.dir/D_/Program_Files/Pico_SDK_v1.5.0/pico-sdk/src/common/pico_time/time.c.obj
 .text.timer_pool_entry_comparator
                0x20001714       0x7c CMakeFiles/picoprobe.dir/D_/Program_Files/Pico_SDK_v1.5.0/pico-sdk/src/common/pico_time/time.c.obj
                0x20001714                timer_pool_entry_comparator
 .text.ph_add_child_node
                0x20001790       0xa4 CMakeFiles/picoprobe.dir/D_/Program_Files/Pico_SDK_v1.5.0/pico-sdk/src/common/pico_time/time.c.obj
 .text.ph_merge_nodes
                0x20001834       0x3e CMakeFiles/picoprobe.dir/D_/Program_Files/Pico_SDK_v1.5.0/pico-sdk/src/common/pico_time/time.c.obj
 *fill*         0x20001872        0x2 
 .text.add_alarm_under_lock
                0x20001874      0x174 CMakeFiles/picoprobe.dir/D_/Program_Files/Pico_SDK_v1.5.0/pico-sdk/src/common/pico_time/time.c.obj
 .text.alarm_pool_alarm_callback
                0x200019e8      0x33c CMakeFiles/picoprobe.dir/D_/Program_Files/Pico_SDK_v1.5.0/pico-sdk/src/common/pico_time/time.c.obj
 .text.alarm_pool_init_default
                0x20001d24       0x40 CMakeFiles/picoprobe.dir/D_/Program_Files/Pico_SDK_v1.5.0/pico-sdk/src/common/pico_time/time.c.obj
                0x20001d24                alarm_pool_init_default
 .text.alarm_pool_get_default
                0x20001d64       0x2c CMakeFiles/picoprobe.dir/D_/Program_Files/Pico_SDK_v1.5.0/pico-sdk/src/common/pico_time/time.c.obj
                0x20001d64                alarm_pool_get_default
 .text.alarm_pool_add_alarm_at
                0x20001d90      0x168 CMakeFiles/picoprobe.dir/D_/Program_Files/Pico_SDK_v1.5.0/pico-sdk/src/common/pico_time/time.c.obj
                0x20001d90                alarm_pool_add_alarm_at
 .text.alarm_pool_cancel_alarm
                0x20001ef8       0xf0 CMakeFiles/picoprobe.dir/D_/Program_Files/Pico_SDK_v1.5.0/pico-sdk/src/common/pico_time/time.c.obj
                0x20001ef8                alarm_pool_cancel_alarm
 .text.best_effort_wfe_or_timeout
                0x20001fe8       0xac CMakeFiles/picoprobe.dir/D_/Program_Files/Pico_SDK_v1.5.0/pico-sdk/src/common/pico_time/time.c.obj
                0x20001fe8                best_effort_wfe_or_timeout
 .text.hardware_alarm_irq_handler
                0x20002094       0x90 CMakeFiles/picoprobe.dir/D_/Program_Files/Pico_SDK_v1.5.0/pico-sdk/src/rp2_common/hardware_timer/timer.c.obj
 .text.hardware_alarm_claim
                0x20002124       0x18 CMakeFiles/picoprobe.dir/D_/Program_Files/Pico_SDK_v1.5.0/pico-sdk/src/rp2_common/hardware_timer/timer.c.obj
                0x20002124                hardware_alarm_claim
 .text.time_us_64
                0x2000213c       0x18 CMakeFiles/picoprobe.dir/D_/Program_Files/Pico_SDK_v1.5.0/pico-sdk/src/rp2_common/hardware_timer/timer.c.obj
                0x2000213c                time_us_64
 .text.busy_wait_until
                0x20002154       0x28 CMakeFiles/picoprobe.dir/D_/Program_Files/Pico_SDK_v1.5.0/pico-sdk/src/rp2_common/hardware_timer/timer.c.obj
                0x20002154                busy_wait_until
 .text.busy_wait_us
                0x2000217c       0x48 CMakeFiles/picoprobe.dir/D_/Program_Files/Pico_SDK_v1.5.0/pico-sdk/src/rp2_common/hardware_timer/timer.c.obj
                0x2000217c                busy_wait_us
 .text.hardware_alarm_set_callback
                0x200021c4       0x90 CMakeFiles/picoprobe.dir/D_/Program_Files/Pico_SDK_v1.5.0/pico-sdk/src/rp2_common/hardware_timer/timer.c.obj
                0x200021c4                hardware_alarm_set_callback
 .text.hardware_alarm_set_target
                0x20002254       0xe8 CMakeFiles/picoprobe.dir/D_/Program_Files/Pico_SDK_v1.5.0/pico-sdk/src/rp2_common/hardware_timer/timer.c.obj
                0x20002254                hardware_alarm_set_target
 .text.hardware_alarm_cancel
                0x2000233c       0x40 CMakeFiles/picoprobe.dir/D_/Program_Files/Pico_SDK_v1.5.0/pico-sdk/src/rp2_common/hardware_timer/timer.c.obj
                0x2000233c                hardware_alarm_cancel
 .text.running_on_fpga
                0x2000237c       0x14 CMakeFiles/picoprobe.dir/D_/Program_Files/Pico_SDK_v1.5.0/pico-sdk/src/rp2_common/pico_platform/platform.c.obj
                0x2000237c                running_on_fpga
 .text.rp2040_chip_version
                0x20002390       0x4c CMakeFiles/picoprobe.dir/D_/Program_Files/Pico_SDK_v1.5.0/pico-sdk/src/rp2_common/pico_platform/platform.c.obj
                0x20002390                rp2040_chip_version
 .text.hw_claim_lock
                0x200023dc       0x18 CMakeFiles/picoprobe.dir/D_/Program_Files/Pico_SDK_v1.5.0/pico-sdk/src/rp2_common/hardware_claim/claim.c.obj
                0x200023dc                hw_claim_lock
 .text.hw_claim_unlock
                0x200023f4       0x14 CMakeFiles/picoprobe.dir/D_/Program_Files/Pico_SDK_v1.5.0/pico-sdk/src/rp2_common/hardware_claim/claim.c.obj
                0x200023f4                hw_claim_unlock
 .text.hw_claim_or_assert
                0x20002408       0x32 CMakeFiles/picoprobe.dir/D_/Program_Files/Pico_SDK_v1.5.0/pico-sdk/src/rp2_common/hardware_claim/claim.c.obj
                0x20002408                hw_claim_or_assert
 .text.hw_claim_unused_from_range
                0x2000243a       0x50 CMakeFiles/picoprobe.dir/D_/Program_Files/Pico_SDK_v1.5.0/pico-sdk/src/rp2_common/hardware_claim/claim.c.obj
                0x2000243a                hw_claim_unused_from_range
 *fill*         0x2000248a        0x2 
 .text.spin_locks_reset
                0x2000248c       0x20 CMakeFiles/picoprobe.dir/D_/Program_Files/Pico_SDK_v1.5.0/pico-sdk/src/rp2_common/hardware_sync/sync.c.obj
                0x2000248c                spin_locks_reset
 .text.next_striped_spin_lock_num
                0x200024ac       0x1c CMakeFiles/picoprobe.dir/D_/Program_Files/Pico_SDK_v1.5.0/pico-sdk/src/rp2_common/hardware_sync/sync.c.obj
                0x200024ac                next_striped_spin_lock_num
 .text.spin_lock_claim_unused
                0x200024c8       0x20 CMakeFiles/picoprobe.dir/D_/Program_Files/Pico_SDK_v1.5.0/pico-sdk/src/rp2_common/hardware_sync/sync.c.obj
                0x200024c8                spin_lock_claim_unused
 .text.set_raw_irq_handler_and_unlock
                0x200024e8       0x28 CMakeFiles/picoprobe.dir/D_/Program_Files/Pico_SDK_v1.5.0/pico-sdk/src/rp2_common/hardware_irq/irq.c.obj
 .text.make_branch
                0x20002510       0x48 CMakeFiles/picoprobe.dir/D_/Program_Files/Pico_SDK_v1.5.0/pico-sdk/src/rp2_common/hardware_irq/irq.c.obj
 .text.insert_branch_and_link
                0x20002558       0x40 CMakeFiles/picoprobe.dir/D_/Program_Files/Pico_SDK_v1.5.0/pico-sdk/src/rp2_common/hardware_irq/irq.c.obj
 .text.irq_is_enabled
                0x20002598       0x18 CMakeFiles/picoprobe.dir/D_/Program_Files/Pico_SDK_v1.5.0/pico-sdk/src/rp2_common/hardware_irq/irq.c.obj
                0x20002598                irq_is_enabled
 .text.irq_set_mask_enabled
                0x200025b0       0x20 CMakeFiles/picoprobe.dir/D_/Program_Files/Pico_SDK_v1.5.0/pico-sdk/src/rp2_common/hardware_irq/irq.c.obj
                0x200025b0                irq_set_mask_enabled
 .text.irq_set_enabled
                0x200025d0        0xe CMakeFiles/picoprobe.dir/D_/Program_Files/Pico_SDK_v1.5.0/pico-sdk/src/rp2_common/hardware_irq/irq.c.obj
                0x200025d0                irq_set_enabled
 *fill*         0x200025de        0x2 
 .text.irq_get_vtable_handler
                0x200025e0       0x10 CMakeFiles/picoprobe.dir/D_/Program_Files/Pico_SDK_v1.5.0/pico-sdk/src/rp2_common/hardware_irq/irq.c.obj
                0x200025e0                irq_get_vtable_handler
 .text.irq_set_exclusive_handler
                0x200025f0       0x54 CMakeFiles/picoprobe.dir/D_/Program_Files/Pico_SDK_v1.5.0/pico-sdk/src/rp2_common/hardware_irq/irq.c.obj
                0x200025f0                irq_set_exclusive_handler
 .text.irq_add_shared_handler
                0x20002644      0x234 CMakeFiles/picoprobe.dir/D_/Program_Files/Pico_SDK_v1.5.0/pico-sdk/src/rp2_common/hardware_irq/irq.c.obj
                0x20002644                irq_add_shared_handler
 .text.irq_remove_handler
                0x20002878      0x1ac CMakeFiles/picoprobe.dir/D_/Program_Files/Pico_SDK_v1.5.0/pico-sdk/src/rp2_common/hardware_irq/irq.c.obj
                0x20002878                irq_remove_handler
 .text.irq_set_priority
                0x20002a24       0x28 CMakeFiles/picoprobe.dir/D_/Program_Files/Pico_SDK_v1.5.0/pico-sdk/src/rp2_common/hardware_irq/irq.c.obj
                0x20002a24                irq_set_priority
 .text.irq_add_tail_to_free_list
                0x20002a4c       0xf0 CMakeFiles/picoprobe.dir/D_/Program_Files/Pico_SDK_v1.5.0/pico-sdk/src/rp2_common/hardware_irq/irq.c.obj
                0x20002a4c                irq_add_tail_to_free_list
 .text.irq_init_priorities
                0x20002b3c       0x1c CMakeFiles/picoprobe.dir/D_/Program_Files/Pico_SDK_v1.5.0/pico-sdk/src/rp2_common/hardware_irq/irq.c.obj
                0x20002b3c                irq_init_priorities
 .text.ph_add_child_node
                0x20002b58       0xa4 CMakeFiles/picoprobe.dir/D_/Program_Files/Pico_SDK_v1.5.0/pico-sdk/src/common/pico_util/pheap.c.obj
 .text.ph_merge_nodes
                0x20002bfc       0x3e CMakeFiles/picoprobe.dir/D_/Program_Files/Pico_SDK_v1.5.0/pico-sdk/src/common/pico_util/pheap.c.obj
 *fill*         0x20002c3a        0x2 
 .text.ph_clear
                0x20002c3c       0x70 CMakeFiles/picoprobe.dir/D_/Program_Files/Pico_SDK_v1.5.0/pico-sdk/src/common/pico_util/pheap.c.obj
                0x20002c3c                ph_clear
 .text.ph_post_alloc_init
                0x20002cac        0xe CMakeFiles/picoprobe.dir/D_/Program_Files/Pico_SDK_v1.5.0/pico-sdk/src/common/pico_util/pheap.c.obj
                0x20002cac                ph_post_alloc_init
 *fill*         0x20002cba        0x2 
 .text.ph_merge_two_pass
                0x20002cbc       0xa8 CMakeFiles/picoprobe.dir/D_/Program_Files/Pico_SDK_v1.5.0/pico-sdk/src/common/pico_util/pheap.c.obj
                0x20002cbc                ph_merge_two_pass
 .text.ph_remove_any_head
                0x20002d64      0x128 CMakeFiles/picoprobe.dir/D_/Program_Files/Pico_SDK_v1.5.0/pico-sdk/src/common/pico_util/pheap.c.obj
 .text.ph_remove_head
                0x20002e8c       0x14 CMakeFiles/picoprobe.dir/D_/Program_Files/Pico_SDK_v1.5.0/pico-sdk/src/common/pico_util/pheap.c.obj
                0x20002e8c                ph_remove_head
 .text.ph_remove_and_free_node
                0x20002ea0       0xf8 CMakeFiles/picoprobe.dir/D_/Program_Files/Pico_SDK_v1.5.0/pico-sdk/src/common/pico_util/pheap.c.obj
                0x20002ea0                ph_remove_and_free_node
 .text.gpio_set_function
                0x20002f98       0x30 CMakeFiles/picoprobe.dir/D_/Program_Files/Pico_SDK_v1.5.0/pico-sdk/src/rp2_common/hardware_gpio/gpio.c.obj
                0x20002f98                gpio_set_function
 .text.gpio_get_function
                0x20002fc8       0x14 CMakeFiles/picoprobe.dir/D_/Program_Files/Pico_SDK_v1.5.0/pico-sdk/src/rp2_common/hardware_gpio/gpio.c.obj
                0x20002fc8                gpio_get_function
 .text.gpio_set_pulls
                0x20002fdc       0x34 CMakeFiles/picoprobe.dir/D_/Program_Files/Pico_SDK_v1.5.0/pico-sdk/src/rp2_common/hardware_gpio/gpio.c.obj
                0x20002fdc                gpio_set_pulls
 .text.gpio_set_inover
                0x20003010       0x24 CMakeFiles/picoprobe.dir/D_/Program_Files/Pico_SDK_v1.5.0/pico-sdk/src/rp2_common/hardware_gpio/gpio.c.obj
                0x20003010                gpio_set_inover
 .text.gpio_set_oeover
                0x20003034       0x24 CMakeFiles/picoprobe.dir/D_/Program_Files/Pico_SDK_v1.5.0/pico-sdk/src/rp2_common/hardware_gpio/gpio.c.obj
                0x20003034                gpio_set_oeover
 .text.gpio_init
                0x20003058       0x16 CMakeFiles/picoprobe.dir/D_/Program_Files/Pico_SDK_v1.5.0/pico-sdk/src/rp2_common/hardware_gpio/gpio.c.obj
                0x20003058                gpio_init
 *fill*         0x2000306e        0x2 
 .text.uart_deinit
                0x20003070       0x20 CMakeFiles/picoprobe.dir/D_/Program_Files/Pico_SDK_v1.5.0/pico-sdk/src/rp2_common/hardware_uart/uart.c.obj
                0x20003070                uart_deinit
 .text.uart_set_baudrate
                0x20003090       0x5c CMakeFiles/picoprobe.dir/D_/Program_Files/Pico_SDK_v1.5.0/pico-sdk/src/rp2_common/hardware_uart/uart.c.obj
                0x20003090                uart_set_baudrate
 .text.uart_set_translate_crlf
                0x200030ec       0x28 CMakeFiles/picoprobe.dir/D_/Program_Files/Pico_SDK_v1.5.0/pico-sdk/src/rp2_common/hardware_uart/uart.c.obj
                0x200030ec                uart_set_translate_crlf
 .text.uart_init
                0x20003114       0x80 CMakeFiles/picoprobe.dir/D_/Program_Files/Pico_SDK_v1.5.0/pico-sdk/src/rp2_common/hardware_uart/uart.c.obj
                0x20003114                uart_init
 .text.clock_configure
                0x20003194      0x104 CMakeFiles/picoprobe.dir/D_/Program_Files/Pico_SDK_v1.5.0/pico-sdk/src/rp2_common/hardware_clocks/clocks.c.obj
                0x20003194                clock_configure
 .text.clocks_init
                0x20003298      0x100 CMakeFiles/picoprobe.dir/D_/Program_Files/Pico_SDK_v1.5.0/pico-sdk/src/rp2_common/hardware_clocks/clocks.c.obj
                0x20003298                clocks_init
 .text.clock_get_hz
                0x20003398        0xc CMakeFiles/picoprobe.dir/D_/Program_Files/Pico_SDK_v1.5.0/pico-sdk/src/rp2_common/hardware_clocks/clocks.c.obj
                0x20003398                clock_get_hz
 .text.pll_init
                0x200033a4      0x12c CMakeFiles/picoprobe.dir/D_/Program_Files/Pico_SDK_v1.5.0/pico-sdk/src/rp2_common/hardware_pll/pll.c.obj
                0x200033a4                pll_init
 .text.watchdog_start_tick
                0x200034d0       0x10 CMakeFiles/picoprobe.dir/D_/Program_Files/Pico_SDK_v1.5.0/pico-sdk/src/rp2_common/hardware_watchdog/watchdog.c.obj
                0x200034d0                watchdog_start_tick
 .text.xosc_init
                0x200034e0       0x28 CMakeFiles/picoprobe.dir/D_/Program_Files/Pico_SDK_v1.5.0/pico-sdk/src/rp2_common/hardware_xosc/xosc.c.obj
                0x200034e0                xosc_init
 .text._exit    0x20003508        0x4 CMakeFiles/picoprobe.dir/D_/Program_Files/Pico_SDK_v1.5.0/pico-sdk/src/rp2_common/pico_runtime/runtime.c.obj
                0x20003508                _exit
 .text.exit     0x2000350c        0x6 CMakeFiles/picoprobe.dir/D_/Program_Files/Pico_SDK_v1.5.0/pico-sdk/src/rp2_common/pico_runtime/runtime.c.obj
                0x2000350c                exit
 *fill*         0x20003512        0x2 
 .text.__assert_func
                0x20003514       0x3c CMakeFiles/picoprobe.dir/D_/Program_Files/Pico_SDK_v1.5.0/pico-sdk/src/rp2_common/pico_runtime/runtime.c.obj
                0x20003514                __assert_func
 .text.runtime_init
                0x20003550       0xf8 CMakeFiles/picoprobe.dir/D_/Program_Files/Pico_SDK_v1.5.0/pico-sdk/src/rp2_common/pico_runtime/runtime.c.obj
                0x20003550                runtime_init
 .text.panic    0x20003648       0x30 CMakeFiles/picoprobe.dir/D_/Program_Files/Pico_SDK_v1.5.0/pico-sdk/src/rp2_common/pico_runtime/runtime.c.obj
                0x20003648                panic
 .text.panic_unsupported
                0x20003678        0xc CMakeFiles/picoprobe.dir/D_/Program_Files/Pico_SDK_v1.5.0/pico-sdk/src/rp2_common/pico_runtime/runtime.c.obj
                0x20003678                panic_unsupported
 .text._out_null
                0x20003684        0x2 CMakeFiles/picoprobe.dir/D_/Program_Files/Pico_SDK_v1.5.0/pico-sdk/src/rp2_common/pico_printf/printf.c.obj
 .text._out_fct
                0x20003686        0xe CMakeFiles/picoprobe.dir/D_/Program_Files/Pico_SDK_v1.5.0/pico-sdk/src/rp2_common/pico_printf/printf.c.obj
 .text._atoi    0x20003694       0x24 CMakeFiles/picoprobe.dir/D_/Program_Files/Pico_SDK_v1.5.0/pico-sdk/src/rp2_common/pico_printf/printf.c.obj
 .text._out_rev
                0x200036b8       0xae CMakeFiles/picoprobe.dir/D_/Program_Files/Pico_SDK_v1.5.0/pico-sdk/src/rp2_common/pico_printf/printf.c.obj
 .text._ntoa_format
                0x20003766      0x112 CMakeFiles/picoprobe.dir/D_/Program_Files/Pico_SDK_v1.5.0/pico-sdk/src/rp2_common/pico_printf/printf.c.obj
 .text._ntoa_long
                0x20003878       0xbc CMakeFiles/picoprobe.dir/D_/Program_Files/Pico_SDK_v1.5.0/pico-sdk/src/rp2_common/pico_printf/printf.c.obj
 .text._ntoa_long_long
                0x20003934       0xe2 CMakeFiles/picoprobe.dir/D_/Program_Files/Pico_SDK_v1.5.0/pico-sdk/src/rp2_common/pico_printf/printf.c.obj
 *fill*         0x20003a16        0x2 
 .text._etoa    0x20003a18      0x414 CMakeFiles/picoprobe.dir/D_/Program_Files/Pico_SDK_v1.5.0/pico-sdk/src/rp2_common/pico_printf/printf.c.obj
 .text._ftoa    0x20003e2c      0x354 CMakeFiles/picoprobe.dir/D_/Program_Files/Pico_SDK_v1.5.0/pico-sdk/src/rp2_common/pico_printf/printf.c.obj
 .text._vsnprintf
                0x20004180      0x624 CMakeFiles/picoprobe.dir/D_/Program_Files/Pico_SDK_v1.5.0/pico-sdk/src/rp2_common/pico_printf/printf.c.obj
 .text.vfctprintf
                0x200047a4       0x20 CMakeFiles/picoprobe.dir/D_/Program_Files/Pico_SDK_v1.5.0/pico-sdk/src/rp2_common/pico_printf/printf.c.obj
                0x200047a4                vfctprintf
 .text          0x200047c4       0x10 CMakeFiles/picoprobe.dir/D_/Program_Files/Pico_SDK_v1.5.0/pico-sdk/src/rp2_common/pico_bit_ops/bit_ops_aeabi.S.obj
 .text.popcountsi
                0x200047d4        0xc CMakeFiles/picoprobe.dir/D_/Program_Files/Pico_SDK_v1.5.0/pico-sdk/src/rp2_common/pico_bit_ops/bit_ops_aeabi.S.obj
                0x200047d4                __wrap___popcountsi2
 .text.rom_func_lookup
                0x200047e0       0x10 CMakeFiles/picoprobe.dir/D_/Program_Files/Pico_SDK_v1.5.0/pico-sdk/src/rp2_common/pico_bootrom/bootrom.c.obj
                0x200047e0                rom_func_lookup
 .text.rom_data_lookup
                0x200047f0       0x10 CMakeFiles/picoprobe.dir/D_/Program_Files/Pico_SDK_v1.5.0/pico-sdk/src/rp2_common/pico_bootrom/bootrom.c.obj
                0x200047f0                rom_data_lookup
 .text.rom_funcs_lookup
                0x20004800       0x36 CMakeFiles/picoprobe.dir/D_/Program_Files/Pico_SDK_v1.5.0/pico-sdk/src/rp2_common/pico_bootrom/bootrom.c.obj
                0x20004800                rom_funcs_lookup
 *fill*         0x20004836        0x2 
 .text.__wrap___aeabi_idiv
                0x20004838       0x50 CMakeFiles/picoprobe.dir/D_/Program_Files/Pico_SDK_v1.5.0/pico-sdk/src/rp2_common/pico_divider/divider.S.obj
                0x20004838                __wrap___aeabi_idivmod
                0x20004838                divmod_s32s32
                0x20004838                div_s32s32
                0x20004838                __wrap___aeabi_idiv
                0x20004840                divmod_s32s32_unsafe
                0x2000486c                divmod_s32s32_savestate
 .text.__wrap___aeabi_uidiv
                0x20004888       0x4c CMakeFiles/picoprobe.dir/D_/Program_Files/Pico_SDK_v1.5.0/pico-sdk/src/rp2_common/pico_divider/divider.S.obj
                0x20004888                __wrap___aeabi_uidiv
                0x20004888                __wrap___aeabi_uidivmod
                0x20004888                div_u32u32
                0x20004888                divmod_u32u32
                0x20004890                divmod_u32u32_unsafe
                0x200048b8                divmod_u32u32_savestate
 .text.__wrap___aeabi_ldiv
                0x200048d4      0x424 CMakeFiles/picoprobe.dir/D_/Program_Files/Pico_SDK_v1.5.0/pico-sdk/src/rp2_common/pico_divider/divider.S.obj
                0x200048d4                div_s64s64
                0x200048d4                divmod_s64s64
                0x200048d4                __wrap___aeabi_ldivmod
                0x20004904                divmod_u64u64
                0x20004904                div_u64u64
                0x20004904                __wrap___aeabi_uldivmod
                0x20004914                divmod_u64u64_savestate
                0x20004934                divmod_s64s64_unsafe
                0x200049bc                divmod_u64u64_unsafe
 .text.__wrap___aeabi_darithmetic
                0x20004cf8       0x80 CMakeFiles/picoprobe.dir/D_/Program_Files/Pico_SDK_v1.5.0/pico-sdk/src/rp2_common/pico_double/double_aeabi.S.obj
                0x20004cf8                __wrap___aeabi_drsub
                0x20004cfe                __wrap___aeabi_dsub
                0x20004d10                __wrap___aeabi_dadd
                0x20004d22                __wrap___aeabi_ddiv
                0x20004d5e                __wrap___aeabi_dmul
 .text.__wrap___aeabi_cdcmple
                0x20004d78       0x6c CMakeFiles/picoprobe.dir/D_/Program_Files/Pico_SDK_v1.5.0/pico-sdk/src/rp2_common/pico_double/double_aeabi.S.obj
                0x20004d78                __wrap___aeabi_cdrcmple
                0x20004d88                __wrap___aeabi_cdcmpeq
                0x20004d88                __wrap___aeabi_cdcmple
 .text.__wrap___aeabi_dcmplt
                0x20004de4        0xc CMakeFiles/picoprobe.dir/D_/Program_Files/Pico_SDK_v1.5.0/pico-sdk/src/rp2_common/pico_double/double_aeabi.S.obj
                0x20004de4                __wrap___aeabi_dcmplt
 .text.__wrap___aeabi_dcmple
                0x20004df0       0x10 CMakeFiles/picoprobe.dir/D_/Program_Files/Pico_SDK_v1.5.0/pico-sdk/src/rp2_common/pico_double/double_aeabi.S.obj
                0x20004df0                __wrap___aeabi_dcmple
 .text.__wrap___aeabi_dcmpge
                0x20004e00       0x10 CMakeFiles/picoprobe.dir/D_/Program_Files/Pico_SDK_v1.5.0/pico-sdk/src/rp2_common/pico_double/double_aeabi.S.obj
                0x20004e00                __wrap___aeabi_dcmpge
 .text.__wrap___aeabi_dcmpgt
                0x20004e10        0xa CMakeFiles/picoprobe.dir/D_/Program_Files/Pico_SDK_v1.5.0/pico-sdk/src/rp2_common/pico_double/double_aeabi.S.obj
                0x20004e10                __wrap___aeabi_dcmpgt
 .text.__wrap___aeabi_dcmpun
                0x20004e1a       0x1c CMakeFiles/picoprobe.dir/D_/Program_Files/Pico_SDK_v1.5.0/pico-sdk/src/rp2_common/pico_double/double_aeabi.S.obj
                0x20004e1a                __wrap___aeabi_dcmpun
 *fill*         0x20004e36        0x2 
 .text.__wrap___aeabi_i2d
                0x20004e38       0x38 CMakeFiles/picoprobe.dir/D_/Program_Files/Pico_SDK_v1.5.0/pico-sdk/src/rp2_common/pico_double/double_aeabi.S.obj
                0x20004e38                __wrap___aeabi_ui2d
                0x20004e40                __wrap___aeabi_i2d
 .text.__wrap___aeabi_d2iz
                0x20004e70       0x48 CMakeFiles/picoprobe.dir/D_/Program_Files/Pico_SDK_v1.5.0/pico-sdk/src/rp2_common/pico_double/double_aeabi.S.obj
                0x20004e70                double2int_z
                0x20004e70                __wrap___aeabi_d2iz
 .text.__wrap___aeabi_d2uiz
                0x20004eb8       0x18 CMakeFiles/picoprobe.dir/D_/Program_Files/Pico_SDK_v1.5.0/pico-sdk/src/rp2_common/pico_double/double_aeabi.S.obj
                0x20004eb8                __wrap___aeabi_d2uiz
                0x20004eb8                double2uint
 .text.__aeabi_double_init
                0x20004ed0       0xc8 CMakeFiles/picoprobe.dir/D_/Program_Files/Pico_SDK_v1.5.0/pico-sdk/src/rp2_common/pico_double/double_init_rom.c.obj
                0x20004ed0                __aeabi_double_init
 .text.double_table_shim_on_use_helper
                0x20004f98       0x34 CMakeFiles/picoprobe.dir/D_/Program_Files/Pico_SDK_v1.5.0/pico-sdk/src/rp2_common/pico_double/double_v1_rom_shim.S.obj
                0x20004f98                double_table_shim_on_use_helper
 .text.__wrap___aeabi_dsub
                0x20004fcc       0x10 CMakeFiles/picoprobe.dir/D_/Program_Files/Pico_SDK_v1.5.0/pico-sdk/src/rp2_common/pico_double/double_v1_rom_shim.S.obj
                0x20004fcc                drsub_shim
                0x20004fd2                dsub_shim
 .text.dadd_shim
                0x20004fdc      0x15c CMakeFiles/picoprobe.dir/D_/Program_Files/Pico_SDK_v1.5.0/pico-sdk/src/rp2_common/pico_double/double_v1_rom_shim.S.obj
                0x20004fdc                dadd_shim
 .text.dmul_shim
                0x20005138      0x15c CMakeFiles/picoprobe.dir/D_/Program_Files/Pico_SDK_v1.5.0/pico-sdk/src/rp2_common/pico_double/double_v1_rom_shim.S.obj
                0x20005138                dmul_shim
 .text.ddiv_shim
                0x20005294      0x1b0 CMakeFiles/picoprobe.dir/D_/Program_Files/Pico_SDK_v1.5.0/pico-sdk/src/rp2_common/pico_double/double_v1_rom_shim.S.obj
                0x20005294                ddiv_shim
 .text.double2uint_shim
                0x20005444        0xe CMakeFiles/picoprobe.dir/D_/Program_Files/Pico_SDK_v1.5.0/pico-sdk/src/rp2_common/pico_double/double_v1_rom_shim.S.obj
                0x20005444                double2uint_shim
                0x20005446                double2ufix_shim
 *fill*         0x20005452        0x2 
 .text.double2uint64_shim
                0x20005454       0x70 CMakeFiles/picoprobe.dir/D_/Program_Files/Pico_SDK_v1.5.0/pico-sdk/src/rp2_common/pico_double/double_v1_rom_shim.S.obj
                0x20005454                double2uint64_shim
                0x20005456                double2ufix64_shim
                0x20005476                d2fix_a
 .text.dunpacks
                0x200054c4       0x3c CMakeFiles/picoprobe.dir/D_/Program_Files/Pico_SDK_v1.5.0/pico-sdk/src/rp2_common/pico_double/double_v1_rom_shim.S.obj
                0x200054c4                dunpacks
 .text.__aeabi_lmul
                0x20005500       0x32 CMakeFiles/picoprobe.dir/D_/Program_Files/Pico_SDK_v1.5.0/pico-sdk/src/rp2_common/pico_int64_ops/pico_int64_ops_aeabi.S.obj
                0x20005500                __wrap___aeabi_lmul
 *fill*         0x20005532        0x2 
 .text.__aeabi_float_init
                0x20005534       0xfc CMakeFiles/picoprobe.dir/D_/Program_Files/Pico_SDK_v1.5.0/pico-sdk/src/rp2_common/pico_float/float_init_rom.c.obj
                0x20005534                __aeabi_float_init
 .text.float_table_shim_on_use_helper
                0x20005630       0x34 CMakeFiles/picoprobe.dir/D_/Program_Files/Pico_SDK_v1.5.0/pico-sdk/src/rp2_common/pico_float/float_v1_rom_shim.S.obj
                0x20005630                float_table_shim_on_use_helper
 .text          0x20005664       0x10 CMakeFiles/picoprobe.dir/D_/Program_Files/Pico_SDK_v1.5.0/pico-sdk/src/rp2_common/pico_mem_ops/mem_ops_aeabi.S.obj
                0x20005664                __aeabi_mem_init
 .text.memset   0x20005674        0xc CMakeFiles/picoprobe.dir/D_/Program_Files/Pico_SDK_v1.5.0/pico-sdk/src/rp2_common/pico_mem_ops/mem_ops_aeabi.S.obj
                0x20005674                __wrap_memset
 .text.memcpy   0x20005680        0xc CMakeFiles/picoprobe.dir/D_/Program_Files/Pico_SDK_v1.5.0/pico-sdk/src/rp2_common/pico_mem_ops/mem_ops_aeabi.S.obj
                0x20005680                __wrap_memcpy
                0x20005680                __wrap___aeabi_memcpy
 .text.stdio_out_chars_no_crlf
                0x2000568c        0xe CMakeFiles/picoprobe.dir/D_/Program_Files/Pico_SDK_v1.5.0/pico-sdk/src/rp2_common/pico_stdio/stdio.c.obj
 *fill*         0x2000569a        0x2 
 .text.stdio_out_chars_crlf
                0x2000569c       0x80 CMakeFiles/picoprobe.dir/D_/Program_Files/Pico_SDK_v1.5.0/pico-sdk/src/rp2_common/pico_stdio/stdio.c.obj
 .text.stdio_stack_buffer_flush
                0x2000571c       0x44 CMakeFiles/picoprobe.dir/D_/Program_Files/Pico_SDK_v1.5.0/pico-sdk/src/rp2_common/pico_stdio/stdio.c.obj
 .text.stdio_buffered_printer
                0x20005760       0x20 CMakeFiles/picoprobe.dir/D_/Program_Files/Pico_SDK_v1.5.0/pico-sdk/src/rp2_common/pico_stdio/stdio.c.obj
 .text.stdout_serialize_begin
                0x20005780       0x5c CMakeFiles/picoprobe.dir/D_/Program_Files/Pico_SDK_v1.5.0/pico-sdk/src/rp2_common/pico_stdio/stdio.c.obj
                0x20005780                stdout_serialize_begin
 .text.stdout_serialize_end
                0x200057dc       0x10 CMakeFiles/picoprobe.dir/D_/Program_Files/Pico_SDK_v1.5.0/pico-sdk/src/rp2_common/pico_stdio/stdio.c.obj
                0x200057dc                stdout_serialize_end
 .text.stdio_put_string
                0x200057ec       0x98 CMakeFiles/picoprobe.dir/D_/Program_Files/Pico_SDK_v1.5.0/pico-sdk/src/rp2_common/pico_stdio/stdio.c.obj
 .text.stdio_flush
                0x20005884       0x20 CMakeFiles/picoprobe.dir/D_/Program_Files/Pico_SDK_v1.5.0/pico-sdk/src/rp2_common/pico_stdio/stdio.c.obj
                0x20005884                stdio_flush
 .text.__wrap_puts
                0x200058a4       0x1e CMakeFiles/picoprobe.dir/D_/Program_Files/Pico_SDK_v1.5.0/pico-sdk/src/rp2_common/pico_stdio/stdio.c.obj
                0x200058a4                __wrap_puts
 *fill*         0x200058c2        0x2 
 .text.__wrap_vprintf
                0x200058c4       0x40 CMakeFiles/picoprobe.dir/D_/Program_Files/Pico_SDK_v1.5.0/pico-sdk/src/rp2_common/pico_stdio/stdio.c.obj
                0x200058c4                __wrap_vprintf
 .text.__wrap_printf
                0x20005904       0x18 CMakeFiles/picoprobe.dir/D_/Program_Files/Pico_SDK_v1.5.0/pico-sdk/src/rp2_common/pico_stdio/stdio.c.obj
                0x20005904                __wrap_printf
 .text._retrieve_unique_id_on_boot
                0x2000591c       0x10 CMakeFiles/picoprobe.dir/D_/Program_Files/Pico_SDK_v1.5.0/pico-sdk/src/rp2_common/pico_unique_id/unique_id.c.obj
 .text.pico_get_unique_board_id
                0x2000592c       0x10 CMakeFiles/picoprobe.dir/D_/Program_Files/Pico_SDK_v1.5.0/pico-sdk/src/rp2_common/pico_unique_id/unique_id.c.obj
                0x2000592c                pico_get_unique_board_id
 .text.flash_get_unique_id
                0x2000593c       0x46 CMakeFiles/picoprobe.dir/D_/Program_Files/Pico_SDK_v1.5.0/pico-sdk/src/rp2_common/hardware_flash/flash.c.obj
                0x2000593c                flash_get_unique_id
 *fill*         0x20005982        0x2 
 .text.hw_endpoint_get_by_addr
                0x20005984       0x18 CMakeFiles/picoprobe.dir/D_/Program_Files/Pico_SDK_v1.5.0/pico-sdk/lib/tinyusb/src/portable/raspberrypi/rp2040/dcd_rp2040.c.obj
 .text._hw_endpoint_alloc
                0x2000599c       0x70 CMakeFiles/picoprobe.dir/D_/Program_Files/Pico_SDK_v1.5.0/pico-sdk/lib/tinyusb/src/portable/raspberrypi/rp2040/dcd_rp2040.c.obj
 .text.hw_endpoint_init
                0x20005a0c       0x88 CMakeFiles/picoprobe.dir/D_/Program_Files/Pico_SDK_v1.5.0/pico-sdk/lib/tinyusb/src/portable/raspberrypi/rp2040/dcd_rp2040.c.obj
 .text.hw_endpoint_xfer
                0x20005a94       0x14 CMakeFiles/picoprobe.dir/D_/Program_Files/Pico_SDK_v1.5.0/pico-sdk/lib/tinyusb/src/portable/raspberrypi/rp2040/dcd_rp2040.c.obj
 .text.dcd_int_enable
                0x20005aa8       0x2c CMakeFiles/picoprobe.dir/D_/Program_Files/Pico_SDK_v1.5.0/pico-sdk/lib/tinyusb/src/portable/raspberrypi/rp2040/dcd_rp2040.c.obj
                0x20005aa8                dcd_int_enable
 .text.dcd_set_address
                0x20005ad4       0x2c CMakeFiles/picoprobe.dir/D_/Program_Files/Pico_SDK_v1.5.0/pico-sdk/lib/tinyusb/src/portable/raspberrypi/rp2040/dcd_rp2040.c.obj
                0x20005ad4                dcd_set_address
 .text.dcd_connect
                0x20005b00       0x10 CMakeFiles/picoprobe.dir/D_/Program_Files/Pico_SDK_v1.5.0/pico-sdk/lib/tinyusb/src/portable/raspberrypi/rp2040/dcd_rp2040.c.obj
                0x20005b00                dcd_connect
 .text.dcd_init
                0x20005b10       0x80 CMakeFiles/picoprobe.dir/D_/Program_Files/Pico_SDK_v1.5.0/pico-sdk/lib/tinyusb/src/portable/raspberrypi/rp2040/dcd_rp2040.c.obj
                0x20005b10                dcd_init
 .text.dcd_edpt0_status_complete
                0x20005b90       0x1c CMakeFiles/picoprobe.dir/D_/Program_Files/Pico_SDK_v1.5.0/pico-sdk/lib/tinyusb/src/portable/raspberrypi/rp2040/dcd_rp2040.c.obj
                0x20005b90                dcd_edpt0_status_complete
 .text.dcd_edpt_open
                0x20005bac       0x40 CMakeFiles/picoprobe.dir/D_/Program_Files/Pico_SDK_v1.5.0/pico-sdk/lib/tinyusb/src/portable/raspberrypi/rp2040/dcd_rp2040.c.obj
                0x20005bac                dcd_edpt_open
 .text.dcd_edpt_close_all
                0x20005bec        0x8 CMakeFiles/picoprobe.dir/D_/Program_Files/Pico_SDK_v1.5.0/pico-sdk/lib/tinyusb/src/portable/raspberrypi/rp2040/dcd_rp2040.c.obj
                0x20005bec                dcd_edpt_close_all
 .text.dcd_edpt_xfer
                0x20005bf4       0x34 CMakeFiles/picoprobe.dir/D_/Program_Files/Pico_SDK_v1.5.0/pico-sdk/lib/tinyusb/src/portable/raspberrypi/rp2040/dcd_rp2040.c.obj
                0x20005bf4                dcd_edpt_xfer
 .text.dcd_edpt_stall
                0x20005c28       0x2c CMakeFiles/picoprobe.dir/D_/Program_Files/Pico_SDK_v1.5.0/pico-sdk/lib/tinyusb/src/portable/raspberrypi/rp2040/dcd_rp2040.c.obj
                0x20005c28                dcd_edpt_stall
 .text.dcd_edpt_clear_stall
                0x20005c54       0x20 CMakeFiles/picoprobe.dir/D_/Program_Files/Pico_SDK_v1.5.0/pico-sdk/lib/tinyusb/src/portable/raspberrypi/rp2040/dcd_rp2040.c.obj
                0x20005c54                dcd_edpt_clear_stall
 .text.rp2040_usb_init
                0x20005c74       0x4c CMakeFiles/picoprobe.dir/D_/Program_Files/Pico_SDK_v1.5.0/pico-sdk/lib/tinyusb/src/portable/raspberrypi/rp2040/rp2040_usb.c.obj
                0x20005c74                rp2040_usb_init
 .text.hw_endpoint_xfer_start
                0x20005cc0       0x50 CMakeFiles/picoprobe.dir/D_/Program_Files/Pico_SDK_v1.5.0/pico-sdk/lib/tinyusb/src/portable/raspberrypi/rp2040/rp2040_usb.c.obj
                0x20005cc0                hw_endpoint_xfer_start
 .text.configuration_reset
                0x20005d10       0x88 CMakeFiles/picoprobe.dir/D_/Program_Files/Pico_SDK_v1.5.0/pico-sdk/lib/tinyusb/src/device/usbd.c.obj
 .text.usbd_reset
                0x20005d98        0xc CMakeFiles/picoprobe.dir/D_/Program_Files/Pico_SDK_v1.5.0/pico-sdk/lib/tinyusb/src/device/usbd.c.obj
 .text.invoke_class_control
                0x20005da4       0x1a CMakeFiles/picoprobe.dir/D_/Program_Files/Pico_SDK_v1.5.0/pico-sdk/lib/tinyusb/src/device/usbd.c.obj
 *fill*         0x20005dbe        0x2 
 .text.process_set_config
                0x20005dc0      0x184 CMakeFiles/picoprobe.dir/D_/Program_Files/Pico_SDK_v1.5.0/pico-sdk/lib/tinyusb/src/device/usbd.c.obj
 .text.process_get_descriptor
                0x20005f44       0xdc CMakeFiles/picoprobe.dir/D_/Program_Files/Pico_SDK_v1.5.0/pico-sdk/lib/tinyusb/src/device/usbd.c.obj
 .text.tud_mounted
                0x20006020       0x10 CMakeFiles/picoprobe.dir/D_/Program_Files/Pico_SDK_v1.5.0/pico-sdk/lib/tinyusb/src/device/usbd.c.obj
                0x20006020                tud_mounted
 .text.tud_suspended
                0x20006030       0x10 CMakeFiles/picoprobe.dir/D_/Program_Files/Pico_SDK_v1.5.0/pico-sdk/lib/tinyusb/src/device/usbd.c.obj
                0x20006030                tud_suspended
 .text.tud_inited
                0x20006040       0x14 CMakeFiles/picoprobe.dir/D_/Program_Files/Pico_SDK_v1.5.0/pico-sdk/lib/tinyusb/src/device/usbd.c.obj
                0x20006040                tud_inited
 .text.tud_init
                0x20006054       0xd0 CMakeFiles/picoprobe.dir/D_/Program_Files/Pico_SDK_v1.5.0/pico-sdk/lib/tinyusb/src/device/usbd.c.obj
                0x20006054                tud_init
 .text.usbd_edpt_open
                0x20006124       0x34 CMakeFiles/picoprobe.dir/D_/Program_Files/Pico_SDK_v1.5.0/pico-sdk/lib/tinyusb/src/device/usbd.c.obj
                0x20006124                usbd_edpt_open
 .text.usbd_open_edpt_pair
                0x20006158       0x62 CMakeFiles/picoprobe.dir/D_/Program_Files/Pico_SDK_v1.5.0/pico-sdk/lib/tinyusb/src/device/usbd.c.obj
                0x20006158                usbd_open_edpt_pair
 *fill*         0x200061ba        0x2 
 .text.usbd_edpt_claim
                0x200061bc       0x28 CMakeFiles/picoprobe.dir/D_/Program_Files/Pico_SDK_v1.5.0/pico-sdk/lib/tinyusb/src/device/usbd.c.obj
                0x200061bc                usbd_edpt_claim
 .text.usbd_edpt_release
                0x200061e4       0x28 CMakeFiles/picoprobe.dir/D_/Program_Files/Pico_SDK_v1.5.0/pico-sdk/lib/tinyusb/src/device/usbd.c.obj
                0x200061e4                usbd_edpt_release
 .text.usbd_edpt_xfer
                0x2000620c       0x78 CMakeFiles/picoprobe.dir/D_/Program_Files/Pico_SDK_v1.5.0/pico-sdk/lib/tinyusb/src/device/usbd.c.obj
                0x2000620c                usbd_edpt_xfer
 .text.usbd_edpt_busy
                0x20006284       0x1c CMakeFiles/picoprobe.dir/D_/Program_Files/Pico_SDK_v1.5.0/pico-sdk/lib/tinyusb/src/device/usbd.c.obj
                0x20006284                usbd_edpt_busy
 .text.usbd_edpt_stall
                0x200062a0       0x48 CMakeFiles/picoprobe.dir/D_/Program_Files/Pico_SDK_v1.5.0/pico-sdk/lib/tinyusb/src/device/usbd.c.obj
                0x200062a0                usbd_edpt_stall
 .text.usbd_edpt_clear_stall
                0x200062e8       0x48 CMakeFiles/picoprobe.dir/D_/Program_Files/Pico_SDK_v1.5.0/pico-sdk/lib/tinyusb/src/device/usbd.c.obj
                0x200062e8                usbd_edpt_clear_stall
 .text.usbd_edpt_stalled
                0x20006330       0x1c CMakeFiles/picoprobe.dir/D_/Program_Files/Pico_SDK_v1.5.0/pico-sdk/lib/tinyusb/src/device/usbd.c.obj
                0x20006330                usbd_edpt_stalled
 .text.process_control_request
                0x2000634c      0x37c CMakeFiles/picoprobe.dir/D_/Program_Files/Pico_SDK_v1.5.0/pico-sdk/lib/tinyusb/src/device/usbd.c.obj
 .text.tud_task_ext
                0x200066c8      0x1b4 CMakeFiles/picoprobe.dir/D_/Program_Files/Pico_SDK_v1.5.0/pico-sdk/lib/tinyusb/src/device/usbd.c.obj
                0x200066c8                tud_task_ext
 .text._data_stage_xact
                0x2000687c       0x58 CMakeFiles/picoprobe.dir/D_/Program_Files/Pico_SDK_v1.5.0/pico-sdk/lib/tinyusb/src/device/usbd_control.c.obj
 .text.tud_control_status
                0x200068d4       0x38 CMakeFiles/picoprobe.dir/D_/Program_Files/Pico_SDK_v1.5.0/pico-sdk/lib/tinyusb/src/device/usbd_control.c.obj
                0x200068d4                tud_control_status
 .text.tud_control_xfer
                0x2000690c       0x74 CMakeFiles/picoprobe.dir/D_/Program_Files/Pico_SDK_v1.5.0/pico-sdk/lib/tinyusb/src/device/usbd_control.c.obj
                0x2000690c                tud_control_xfer
 .text.usbd_control_reset
                0x20006980       0x14 CMakeFiles/picoprobe.dir/D_/Program_Files/Pico_SDK_v1.5.0/pico-sdk/lib/tinyusb/src/device/usbd_control.c.obj
                0x20006980                usbd_control_reset
 .text.usbd_control_set_complete_callback
                0x20006994        0xc CMakeFiles/picoprobe.dir/D_/Program_Files/Pico_SDK_v1.5.0/pico-sdk/lib/tinyusb/src/device/usbd_control.c.obj
                0x20006994                usbd_control_set_complete_callback
 .text.usbd_control_set_request
                0x200069a0       0x1c CMakeFiles/picoprobe.dir/D_/Program_Files/Pico_SDK_v1.5.0/pico-sdk/lib/tinyusb/src/device/usbd_control.c.obj
                0x200069a0                usbd_control_set_request
 .text.usbd_control_xfer_cb
                0x200069bc       0xcc CMakeFiles/picoprobe.dir/D_/Program_Files/Pico_SDK_v1.5.0/pico-sdk/lib/tinyusb/src/device/usbd_control.c.obj
                0x200069bc                usbd_control_xfer_cb
 .text._prep_out_transaction
                0x20006a88       0x48 CMakeFiles/picoprobe.dir/D_/Program_Files/Pico_SDK_v1.5.0/pico-sdk/lib/tinyusb/src/class/cdc/cdc_device.c.obj
 .text.tud_cdc_n_connected
                0x20006ad0       0x48 CMakeFiles/picoprobe.dir/D_/Program_Files/Pico_SDK_v1.5.0/pico-sdk/lib/tinyusb/src/class/cdc/cdc_device.c.obj
                0x20006ad0                tud_cdc_n_connected
 .text.tud_cdc_n_available
                0x20006b18       0x20 CMakeFiles/picoprobe.dir/D_/Program_Files/Pico_SDK_v1.5.0/pico-sdk/lib/tinyusb/src/class/cdc/cdc_device.c.obj
                0x20006b18                tud_cdc_n_available
 .text.tud_cdc_n_read
                0x20006b38       0x30 CMakeFiles/picoprobe.dir/D_/Program_Files/Pico_SDK_v1.5.0/pico-sdk/lib/tinyusb/src/class/cdc/cdc_device.c.obj
                0x20006b38                tud_cdc_n_read
 .text.tud_cdc_n_read_flush
                0x20006b68       0x28 CMakeFiles/picoprobe.dir/D_/Program_Files/Pico_SDK_v1.5.0/pico-sdk/lib/tinyusb/src/class/cdc/cdc_device.c.obj
                0x20006b68                tud_cdc_n_read_flush
 .text.tud_cdc_n_write_flush
                0x20006b90       0xc8 CMakeFiles/picoprobe.dir/D_/Program_Files/Pico_SDK_v1.5.0/pico-sdk/lib/tinyusb/src/class/cdc/cdc_device.c.obj
                0x20006b90                tud_cdc_n_write_flush
 .text.tud_cdc_n_write
                0x20006c58       0x3c CMakeFiles/picoprobe.dir/D_/Program_Files/Pico_SDK_v1.5.0/pico-sdk/lib/tinyusb/src/class/cdc/cdc_device.c.obj
                0x20006c58                tud_cdc_n_write
 .text.tud_cdc_n_write_available
                0x20006c94       0x20 CMakeFiles/picoprobe.dir/D_/Program_Files/Pico_SDK_v1.5.0/pico-sdk/lib/tinyusb/src/class/cdc/cdc_device.c.obj
                0x20006c94                tud_cdc_n_write_available
 .text.tud_cdc_n_write_clear
                0x20006cb4       0x20 CMakeFiles/picoprobe.dir/D_/Program_Files/Pico_SDK_v1.5.0/pico-sdk/lib/tinyusb/src/class/cdc/cdc_device.c.obj
                0x20006cb4                tud_cdc_n_write_clear
 .text.cdcd_init
                0x20006cd4       0xc0 CMakeFiles/picoprobe.dir/D_/Program_Files/Pico_SDK_v1.5.0/pico-sdk/lib/tinyusb/src/class/cdc/cdc_device.c.obj
                0x20006cd4                cdcd_init
 .text.cdcd_reset
                0x20006d94       0x50 CMakeFiles/picoprobe.dir/D_/Program_Files/Pico_SDK_v1.5.0/pico-sdk/lib/tinyusb/src/class/cdc/cdc_device.c.obj
                0x20006d94                cdcd_reset
 .text.cdcd_open
                0x20006de4       0xd8 CMakeFiles/picoprobe.dir/D_/Program_Files/Pico_SDK_v1.5.0/pico-sdk/lib/tinyusb/src/class/cdc/cdc_device.c.obj
                0x20006de4                cdcd_open
 .text.cdcd_control_xfer_cb
                0x20006ebc      0x130 CMakeFiles/picoprobe.dir/D_/Program_Files/Pico_SDK_v1.5.0/pico-sdk/lib/tinyusb/src/class/cdc/cdc_device.c.obj
                0x20006ebc                cdcd_control_xfer_cb
 .text.cdcd_xfer_cb
                0x20006fec      0x12c CMakeFiles/picoprobe.dir/D_/Program_Files/Pico_SDK_v1.5.0/pico-sdk/lib/tinyusb/src/class/cdc/cdc_device.c.obj
                0x20006fec                cdcd_xfer_cb
 .text.tud_hid_n_report
                0x20007118       0x84 CMakeFiles/picoprobe.dir/D_/Program_Files/Pico_SDK_v1.5.0/pico-sdk/lib/tinyusb/src/class/hid/hid_device.c.obj
                0x20007118                tud_hid_n_report
 .text.hidd_reset
                0x2000719c       0x14 CMakeFiles/picoprobe.dir/D_/Program_Files/Pico_SDK_v1.5.0/pico-sdk/lib/tinyusb/src/class/hid/hid_device.c.obj
                0x2000719c                hidd_reset
 .text.hidd_init
                0x200071b0        0xa CMakeFiles/picoprobe.dir/D_/Program_Files/Pico_SDK_v1.5.0/pico-sdk/lib/tinyusb/src/class/hid/hid_device.c.obj
                0x200071b0                hidd_init
 *fill*         0x200071ba        0x2 
 .text.hidd_open
                0x200071bc       0xc0 CMakeFiles/picoprobe.dir/D_/Program_Files/Pico_SDK_v1.5.0/pico-sdk/lib/tinyusb/src/class/hid/hid_device.c.obj
                0x200071bc                hidd_open
 .text.hidd_control_xfer_cb
                0x2000727c      0x278 CMakeFiles/picoprobe.dir/D_/Program_Files/Pico_SDK_v1.5.0/pico-sdk/lib/tinyusb/src/class/hid/hid_device.c.obj
                0x2000727c                hidd_control_xfer_cb
 .text.hidd_xfer_cb
                0x200074f4       0x84 CMakeFiles/picoprobe.dir/D_/Program_Files/Pico_SDK_v1.5.0/pico-sdk/lib/tinyusb/src/class/hid/hid_device.c.obj
                0x200074f4                hidd_xfer_cb
 .text._prep_out_transaction
                0x20007578       0x30 CMakeFiles/picoprobe.dir/D_/Program_Files/Pico_SDK_v1.5.0/pico-sdk/lib/tinyusb/src/class/vendor/vendor_device.c.obj
 .text.maybe_transmit
                0x200075a8       0x44 CMakeFiles/picoprobe.dir/D_/Program_Files/Pico_SDK_v1.5.0/pico-sdk/lib/tinyusb/src/class/vendor/vendor_device.c.obj
 .text.tud_vendor_n_available
                0x200075ec       0x1c CMakeFiles/picoprobe.dir/D_/Program_Files/Pico_SDK_v1.5.0/pico-sdk/lib/tinyusb/src/class/vendor/vendor_device.c.obj
                0x200075ec                tud_vendor_n_available
 .text.tud_vendor_n_read
                0x20007608       0x28 CMakeFiles/picoprobe.dir/D_/Program_Files/Pico_SDK_v1.5.0/pico-sdk/lib/tinyusb/src/class/vendor/vendor_device.c.obj
                0x20007608                tud_vendor_n_read
 .text.tud_vendor_n_write
                0x20007630       0x38 CMakeFiles/picoprobe.dir/D_/Program_Files/Pico_SDK_v1.5.0/pico-sdk/lib/tinyusb/src/class/vendor/vendor_device.c.obj
                0x20007630                tud_vendor_n_write
 .text.tud_vendor_n_flush
                0x20007668       0x18 CMakeFiles/picoprobe.dir/D_/Program_Files/Pico_SDK_v1.5.0/pico-sdk/lib/tinyusb/src/class/vendor/vendor_device.c.obj
                0x20007668                tud_vendor_n_flush
 .text.vendord_init
                0x20007680       0xac CMakeFiles/picoprobe.dir/D_/Program_Files/Pico_SDK_v1.5.0/pico-sdk/lib/tinyusb/src/class/vendor/vendor_device.c.obj
                0x20007680                vendord_init
 .text.vendord_reset
                0x2000772c       0x3c CMakeFiles/picoprobe.dir/D_/Program_Files/Pico_SDK_v1.5.0/pico-sdk/lib/tinyusb/src/class/vendor/vendor_device.c.obj
                0x2000772c                vendord_reset
 .text.vendord_open
                0x20007768       0xcc CMakeFiles/picoprobe.dir/D_/Program_Files/Pico_SDK_v1.5.0/pico-sdk/lib/tinyusb/src/class/vendor/vendor_device.c.obj
                0x20007768                vendord_open
 .text.vendord_xfer_cb
                0x20007834       0x84 CMakeFiles/picoprobe.dir/D_/Program_Files/Pico_SDK_v1.5.0/pico-sdk/lib/tinyusb/src/class/vendor/vendor_device.c.obj
                0x20007834                vendord_xfer_cb
 .text.tusb_init
                0x200078b8        0xa CMakeFiles/picoprobe.dir/D_/Program_Files/Pico_SDK_v1.5.0/pico-sdk/lib/tinyusb/src/tusb.c.obj
                0x200078b8                tusb_init
 .text.tusb_inited
                0x200078c2        0xe CMakeFiles/picoprobe.dir/D_/Program_Files/Pico_SDK_v1.5.0/pico-sdk/lib/tinyusb/src/tusb.c.obj
                0x200078c2                tusb_inited
 .text.tu_edpt_claim
                0x200078d0       0x50 CMakeFiles/picoprobe.dir/D_/Program_Files/Pico_SDK_v1.5.0/pico-sdk/lib/tinyusb/src/tusb.c.obj
                0x200078d0                tu_edpt_claim
 .text.tu_edpt_release
                0x20007920       0x3c CMakeFiles/picoprobe.dir/D_/Program_Files/Pico_SDK_v1.5.0/pico-sdk/lib/tinyusb/src/tusb.c.obj
                0x20007920                tu_edpt_release
 .text.tu_edpt_validate
                0x2000795c       0x78 CMakeFiles/picoprobe.dir/D_/Program_Files/Pico_SDK_v1.5.0/pico-sdk/lib/tinyusb/src/tusb.c.obj
                0x2000795c                tu_edpt_validate
 .text.tu_edpt_bind_driver
                0x200079d4       0x26 CMakeFiles/picoprobe.dir/D_/Program_Files/Pico_SDK_v1.5.0/pico-sdk/lib/tinyusb/src/tusb.c.obj
                0x200079d4                tu_edpt_bind_driver
 .text.advance_index
                0x200079fa       0x1a CMakeFiles/picoprobe.dir/D_/Program_Files/Pico_SDK_v1.5.0/pico-sdk/lib/tinyusb/src/common/tusb_fifo.c.obj
 .text._tu_fifo_peek
                0x20007a14       0x56 CMakeFiles/picoprobe.dir/D_/Program_Files/Pico_SDK_v1.5.0/pico-sdk/lib/tinyusb/src/common/tusb_fifo.c.obj
 .text._ff_pull_const_addr
                0x20007a6a       0x4c CMakeFiles/picoprobe.dir/D_/Program_Files/Pico_SDK_v1.5.0/pico-sdk/lib/tinyusb/src/common/tusb_fifo.c.obj
 .text._ff_pull_n
                0x20007ab6      0x110 CMakeFiles/picoprobe.dir/D_/Program_Files/Pico_SDK_v1.5.0/pico-sdk/lib/tinyusb/src/common/tusb_fifo.c.obj
 .text._tu_fifo_peek_n
                0x20007bc6       0x6a CMakeFiles/picoprobe.dir/D_/Program_Files/Pico_SDK_v1.5.0/pico-sdk/lib/tinyusb/src/common/tusb_fifo.c.obj
 .text._tu_fifo_read_n
                0x20007c30       0x4e CMakeFiles/picoprobe.dir/D_/Program_Files/Pico_SDK_v1.5.0/pico-sdk/lib/tinyusb/src/common/tusb_fifo.c.obj
 .text._ff_push_const_addr
                0x20007c7e       0x40 CMakeFiles/picoprobe.dir/D_/Program_Files/Pico_SDK_v1.5.0/pico-sdk/lib/tinyusb/src/common/tusb_fifo.c.obj
 .text._ff_push_n
                0x20007cbe      0x10c CMakeFiles/picoprobe.dir/D_/Program_Files/Pico_SDK_v1.5.0/pico-sdk/lib/tinyusb/src/common/tusb_fifo.c.obj
 .text._tu_fifo_write_n
                0x20007dca       0xf0 CMakeFiles/picoprobe.dir/D_/Program_Files/Pico_SDK_v1.5.0/pico-sdk/lib/tinyusb/src/common/tusb_fifo.c.obj
 .text.tu_fifo_config
                0x20007eba       0x7c CMakeFiles/picoprobe.dir/D_/Program_Files/Pico_SDK_v1.5.0/pico-sdk/lib/tinyusb/src/common/tusb_fifo.c.obj
                0x20007eba                tu_fifo_config
 .text.tu_fifo_count
                0x20007f36       0x2a CMakeFiles/picoprobe.dir/D_/Program_Files/Pico_SDK_v1.5.0/pico-sdk/lib/tinyusb/src/common/tusb_fifo.c.obj
                0x20007f36                tu_fifo_count
 .text.tu_fifo_empty
                0x20007f60       0x10 CMakeFiles/picoprobe.dir/D_/Program_Files/Pico_SDK_v1.5.0/pico-sdk/lib/tinyusb/src/common/tusb_fifo.c.obj
                0x20007f60                tu_fifo_empty
 .text.tu_fifo_full
                0x20007f70       0x28 CMakeFiles/picoprobe.dir/D_/Program_Files/Pico_SDK_v1.5.0/pico-sdk/lib/tinyusb/src/common/tusb_fifo.c.obj
                0x20007f70                tu_fifo_full
 .text.tu_fifo_remaining
                0x20007f98       0x2c CMakeFiles/picoprobe.dir/D_/Program_Files/Pico_SDK_v1.5.0/pico-sdk/lib/tinyusb/src/common/tusb_fifo.c.obj
                0x20007f98                tu_fifo_remaining
 .text.tu_fifo_read
                0x20007fc4       0x42 CMakeFiles/picoprobe.dir/D_/Program_Files/Pico_SDK_v1.5.0/pico-sdk/lib/tinyusb/src/common/tusb_fifo.c.obj
                0x20007fc4                tu_fifo_read
 .text.tu_fifo_read_n
                0x20008006        0xa CMakeFiles/picoprobe.dir/D_/Program_Files/Pico_SDK_v1.5.0/pico-sdk/lib/tinyusb/src/common/tusb_fifo.c.obj
                0x20008006                tu_fifo_read_n
 .text.tu_fifo_write
                0x20008010       0x64 CMakeFiles/picoprobe.dir/D_/Program_Files/Pico_SDK_v1.5.0/pico-sdk/lib/tinyusb/src/common/tusb_fifo.c.obj
                0x20008010                tu_fifo_write
 .text.tu_fifo_write_n
                0x20008074        0xa CMakeFiles/picoprobe.dir/D_/Program_Files/Pico_SDK_v1.5.0/pico-sdk/lib/tinyusb/src/common/tusb_fifo.c.obj
                0x20008074                tu_fifo_write_n
 .text.tu_fifo_clear
                0x2000807e       0x3e CMakeFiles/picoprobe.dir/D_/Program_Files/Pico_SDK_v1.5.0/pico-sdk/lib/tinyusb/src/common/tusb_fifo.c.obj
                0x2000807e                tu_fifo_clear
 .text.tu_fifo_set_overwritable
                0x200080bc       0x46 CMakeFiles/picoprobe.dir/D_/Program_Files/Pico_SDK_v1.5.0/pico-sdk/lib/tinyusb/src/common/tusb_fifo.c.obj
                0x200080bc                tu_fifo_set_overwritable
 *fill*         0x20008102        0x2 
 .text.hw_enumeration_fix_finish
                0x20008104       0x40 CMakeFiles/picoprobe.dir/D_/Program_Files/Pico_SDK_v1.5.0/pico-sdk/src/rp2_common/pico_fix/rp2040_usb_device_enumeration/rp2040_usb_device_enumeration.c.obj
 .text.hw_enumeration_fix_force_ls_j_done
                0x20008144        0xc CMakeFiles/picoprobe.dir/D_/Program_Files/Pico_SDK_v1.5.0/pico-sdk/src/rp2_common/pico_fix/rp2040_usb_device_enumeration/rp2040_usb_device_enumeration.c.obj
                0x20008144                hw_enumeration_fix_force_ls_j_done
 .text.hw_enumeration_fix_force_ls_j
                0x20008150      0x130 CMakeFiles/picoprobe.dir/D_/Program_Files/Pico_SDK_v1.5.0/pico-sdk/src/rp2_common/pico_fix/rp2040_usb_device_enumeration/rp2040_usb_device_enumeration.c.obj
 .text.hw_enumeration_fix_wait_se0
                0x20008280       0x88 CMakeFiles/picoprobe.dir/D_/Program_Files/Pico_SDK_v1.5.0/pico-sdk/src/rp2_common/pico_fix/rp2040_usb_device_enumeration/rp2040_usb_device_enumeration.c.obj
 .text.hw_enumeration_fix_wait_se0_callback
                0x20008308       0x24 CMakeFiles/picoprobe.dir/D_/Program_Files/Pico_SDK_v1.5.0/pico-sdk/src/rp2_common/pico_fix/rp2040_usb_device_enumeration/rp2040_usb_device_enumeration.c.obj
                0x20008308                hw_enumeration_fix_wait_se0_callback
 .text.rp2040_usb_device_enumeration_fix
                0x2000832c       0x12 CMakeFiles/picoprobe.dir/D_/Program_Files/Pico_SDK_v1.5.0/pico-sdk/src/rp2_common/pico_fix/rp2040_usb_device_enumeration/rp2040_usb_device_enumeration.c.obj
                0x2000832c                rp2040_usb_device_enumeration_fix
 .text.board_init
                0x2000833e       0x14 CMakeFiles/picoprobe.dir/D_/Program_Files/Pico_SDK_v1.5.0/pico-sdk/lib/tinyusb/hw/bsp/rp2040/family.c.obj
                0x2000833e                board_init
 *fill*         0x20008352        0x2 
 .text._pio_can_add_program_at_offset
                0x20008354       0x3c CMakeFiles/picoprobe.dir/D_/Program_Files/Pico_SDK_v1.5.0/pico-sdk/src/rp2_common/hardware_pio/pio.c.obj
 .text._pio_find_offset_for_program
                0x20008390       0x7c CMakeFiles/picoprobe.dir/D_/Program_Files/Pico_SDK_v1.5.0/pico-sdk/src/rp2_common/hardware_pio/pio.c.obj
 .text._pio_add_program_at_offset
                0x2000840c       0x78 CMakeFiles/picoprobe.dir/D_/Program_Files/Pico_SDK_v1.5.0/pico-sdk/src/rp2_common/hardware_pio/pio.c.obj
 .text.pio_add_program
                0x20008484       0x38 CMakeFiles/picoprobe.dir/D_/Program_Files/Pico_SDK_v1.5.0/pico-sdk/src/rp2_common/hardware_pio/pio.c.obj
                0x20008484                pio_add_program
 .text.pio_remove_program
                0x200084bc       0x58 CMakeFiles/picoprobe.dir/D_/Program_Files/Pico_SDK_v1.5.0/pico-sdk/src/rp2_common/hardware_pio/pio.c.obj
                0x200084bc                pio_remove_program
 .text.pio_sm_set_consecutive_pindirs
                0x20008514       0xa4 CMakeFiles/picoprobe.dir/D_/Program_Files/Pico_SDK_v1.5.0/pico-sdk/src/rp2_common/hardware_pio/pio.c.obj
                0x20008514                pio_sm_set_consecutive_pindirs
 .text.pio_sm_init
                0x200085b8       0xe4 CMakeFiles/picoprobe.dir/D_/Program_Files/Pico_SDK_v1.5.0/pico-sdk/src/rp2_common/hardware_pio/pio.c.obj
                0x200085b8                pio_sm_init
 .text.vPortSVCHandler
                0x2000869c        0x2 CMakeFiles/picoprobe.dir/freertos/portable/ThirdParty/GCC/RP2040/port.c.obj
                0x2000869c                vPortSVCHandler
 *fill*         0x2000869e        0x2 
 .text.vPortStartFirstTask
                0x200086a0       0x28 CMakeFiles/picoprobe.dir/freertos/portable/ThirdParty/GCC/RP2040/port.c.obj
 .text.xPortPendSVHandler
                0x200086c8       0x60 CMakeFiles/picoprobe.dir/freertos/portable/ThirdParty/GCC/RP2040/port.c.obj
                0x200086c8                xPortPendSVHandler
 .text.prvTaskExitError
                0x20008728        0x6 CMakeFiles/picoprobe.dir/freertos/portable/ThirdParty/GCC/RP2040/port.c.obj
 *fill*         0x2000872e        0x2 
 .text.prvFIFOInterruptHandler
                0x20008730       0x78 CMakeFiles/picoprobe.dir/freertos/portable/ThirdParty/GCC/RP2040/port.c.obj
 .text.prvGetTicksToWaitBefore
                0x200087a8       0x50 CMakeFiles/picoprobe.dir/freertos/portable/ThirdParty/GCC/RP2040/port.c.obj
 .text.pxPortInitialiseStack
                0x200087f8       0x20 CMakeFiles/picoprobe.dir/freertos/portable/ThirdParty/GCC/RP2040/port.c.obj
                0x200087f8                pxPortInitialiseStack
 .text.vPortYield
                0x20008818       0x40 CMakeFiles/picoprobe.dir/freertos/portable/ThirdParty/GCC/RP2040/port.c.obj
                0x20008818                vPortYield
 .text.vPortEnterCritical
                0x20008858       0x18 CMakeFiles/picoprobe.dir/freertos/portable/ThirdParty/GCC/RP2040/port.c.obj
                0x20008858                vPortEnterCritical
 .text.vPortEnableInterrupts
                0x20008870       0x28 CMakeFiles/picoprobe.dir/freertos/portable/ThirdParty/GCC/RP2040/port.c.obj
                0x20008870                vPortEnableInterrupts
 .text.vPortExitCritical
                0x20008898       0x3c CMakeFiles/picoprobe.dir/freertos/portable/ThirdParty/GCC/RP2040/port.c.obj
                0x20008898                vPortExitCritical
 .text.ulSetInterruptMaskFromISR
                0x200088d4        0x8 CMakeFiles/picoprobe.dir/freertos/portable/ThirdParty/GCC/RP2040/port.c.obj
                0x200088d4                ulSetInterruptMaskFromISR
 .text.vClearInterruptMaskFromISR
                0x200088dc        0x6 CMakeFiles/picoprobe.dir/freertos/portable/ThirdParty/GCC/RP2040/port.c.obj
                0x200088dc                vClearInterruptMaskFromISR
 *fill*         0x200088e2        0x2 
 .text.xPortSysTickHandler
                0x200088e4       0x24 CMakeFiles/picoprobe.dir/freertos/portable/ThirdParty/GCC/RP2040/port.c.obj
                0x200088e4                xPortSysTickHandler
 .text.vPortSetupTimerInterrupt
                0x20008908       0x34 CMakeFiles/picoprobe.dir/freertos/portable/ThirdParty/GCC/RP2040/port.c.obj
                0x20008908                vPortSetupTimerInterrupt
 .text.xPortStartScheduler
                0x2000893c       0xa8 CMakeFiles/picoprobe.dir/freertos/portable/ThirdParty/GCC/RP2040/port.c.obj
                0x2000893c                xPortStartScheduler
 .text.ulPortLockGetCurrentOwnerId
                0x200089e4       0x2c CMakeFiles/picoprobe.dir/freertos/portable/ThirdParty/GCC/RP2040/port.c.obj
                0x200089e4                ulPortLockGetCurrentOwnerId
 .text.vPortLockInternalSpinUnlockWithNotify
                0x20008a10       0xd0 CMakeFiles/picoprobe.dir/freertos/portable/ThirdParty/GCC/RP2040/port.c.obj
                0x20008a10                vPortLockInternalSpinUnlockWithNotify
 .text.xPortLockInternalSpinUnlockWithBestEffortWaitOrTimeout
                0x20008ae0      0x134 CMakeFiles/picoprobe.dir/freertos/portable/ThirdParty/GCC/RP2040/port.c.obj
                0x20008ae0                xPortLockInternalSpinUnlockWithBestEffortWaitOrTimeout
 .text.prvRuntimeInitializer
                0x20008c14       0x28 CMakeFiles/picoprobe.dir/freertos/portable/ThirdParty/GCC/RP2040/port.c.obj
 .text.prvTestWaitCondition
                0x20008c3c       0x1e CMakeFiles/picoprobe.dir/freertos/event_groups.c.obj
 .text.xEventGroupCreate
                0x20008c5a       0x18 CMakeFiles/picoprobe.dir/freertos/event_groups.c.obj
                0x20008c5a                xEventGroupCreate
 *fill*         0x20008c72        0x2 
 .text.xEventGroupWaitBits
                0x20008c74      0x124 CMakeFiles/picoprobe.dir/freertos/event_groups.c.obj
                0x20008c74                xEventGroupWaitBits
 .text.xEventGroupSetBits
                0x20008d98       0x98 CMakeFiles/picoprobe.dir/freertos/event_groups.c.obj
                0x20008d98                xEventGroupSetBits
 .text.vEventGroupSetBitsCallback
                0x20008e30        0x8 CMakeFiles/picoprobe.dir/freertos/event_groups.c.obj
                0x20008e30                vEventGroupSetBitsCallback
 .text.xEventGroupSetBitsFromISR
                0x20008e38       0x14 CMakeFiles/picoprobe.dir/freertos/event_groups.c.obj
                0x20008e38                xEventGroupSetBitsFromISR
 .text.vListInitialise
                0x20008e4c       0x16 CMakeFiles/picoprobe.dir/freertos/list.c.obj
                0x20008e4c                vListInitialise
 .text.vListInitialiseItem
                0x20008e62        0x6 CMakeFiles/picoprobe.dir/freertos/list.c.obj
                0x20008e62                vListInitialiseItem
 .text.vListInsertEnd
                0x20008e68       0x16 CMakeFiles/picoprobe.dir/freertos/list.c.obj
                0x20008e68                vListInsertEnd
 .text.vListInsert
                0x20008e7e       0x2e CMakeFiles/picoprobe.dir/freertos/list.c.obj
                0x20008e7e                vListInsert
 .text.uxListRemove
                0x20008eac       0x26 CMakeFiles/picoprobe.dir/freertos/list.c.obj
                0x20008eac                uxListRemove
 .text.prvIsQueueEmpty
                0x20008ed2       0x1c CMakeFiles/picoprobe.dir/freertos/queue.c.obj
 .text.prvCopyDataToQueue
                0x20008eee       0x82 CMakeFiles/picoprobe.dir/freertos/queue.c.obj
 .text.prvCopyDataFromQueue
                0x20008f70       0x24 CMakeFiles/picoprobe.dir/freertos/queue.c.obj
 .text.prvNotifyQueueSetContainer
                0x20008f94       0xa8 CMakeFiles/picoprobe.dir/freertos/queue.c.obj
 .text.prvUnlockQueue
                0x2000903c       0x88 CMakeFiles/picoprobe.dir/freertos/queue.c.obj
 .text.xQueueGenericReset
                0x200090c4       0xd8 CMakeFiles/picoprobe.dir/freertos/queue.c.obj
                0x200090c4                xQueueGenericReset
 .text.prvInitialiseNewQueue
                0x2000919c       0x26 CMakeFiles/picoprobe.dir/freertos/queue.c.obj
 *fill*         0x200091c2        0x2 
 .text.xQueueGenericCreate
                0x200091c4       0x8c CMakeFiles/picoprobe.dir/freertos/queue.c.obj
                0x200091c4                xQueueGenericCreate
 .text.xQueueGenericSendFromISR
                0x20009250      0x13c CMakeFiles/picoprobe.dir/freertos/queue.c.obj
                0x20009250                xQueueGenericSendFromISR
 .text.xQueueReceive
                0x2000938c      0x150 CMakeFiles/picoprobe.dir/freertos/queue.c.obj
                0x2000938c                xQueueReceive
 .text.vQueueAddToRegistry
                0x200094dc       0x64 CMakeFiles/picoprobe.dir/freertos/queue.c.obj
                0x200094dc                vQueueAddToRegistry
 .text.vQueueWaitForMessageRestricted
                0x20009540       0x50 CMakeFiles/picoprobe.dir/freertos/queue.c.obj
                0x20009540                vQueueWaitForMessageRestricted
 .text.prvResetNextTaskUnblockTime
                0x20009590       0x2c CMakeFiles/picoprobe.dir/freertos/tasks.c.obj
 .text.prvDeleteTCB
                0x200095bc       0x12 CMakeFiles/picoprobe.dir/freertos/tasks.c.obj
 *fill*         0x200095ce        0x2 
 .text.prvTaskIsTaskSuspended
                0x200095d0       0x50 CMakeFiles/picoprobe.dir/freertos/tasks.c.obj
 .text.prvInitialiseNewTask
                0x20009620       0xb4 CMakeFiles/picoprobe.dir/freertos/tasks.c.obj
 .text.prvInitialiseTaskLists
                0x200096d4       0x68 CMakeFiles/picoprobe.dir/freertos/tasks.c.obj
 .text.prvAddNewTaskToReadyList
                0x2000973c       0xc4 CMakeFiles/picoprobe.dir/freertos/tasks.c.obj
 .text.prvCheckTasksWaitingTermination
                0x20009800       0x44 CMakeFiles/picoprobe.dir/freertos/tasks.c.obj
 .text.prvIdleTask
                0x20009844       0x18 CMakeFiles/picoprobe.dir/freertos/tasks.c.obj
 .text.prvAddCurrentTaskToDelayedList
                0x2000985c       0x9c CMakeFiles/picoprobe.dir/freertos/tasks.c.obj
 .text.xTaskCreate
                0x200098f8       0x68 CMakeFiles/picoprobe.dir/freertos/tasks.c.obj
                0x200098f8                xTaskCreate
 .text.vTaskResume
                0x20009960       0xa4 CMakeFiles/picoprobe.dir/freertos/tasks.c.obj
                0x20009960                vTaskResume
 .text.vTaskStartScheduler
                0x20009a04       0x88 CMakeFiles/picoprobe.dir/freertos/tasks.c.obj
                0x20009a04                vTaskStartScheduler
 .text.vTaskSuspendAll
                0x20009a8c       0x10 CMakeFiles/picoprobe.dir/freertos/tasks.c.obj
                0x20009a8c                vTaskSuspendAll
 .text.xTaskGetTickCount
                0x20009a9c        0xc CMakeFiles/picoprobe.dir/freertos/tasks.c.obj
                0x20009a9c                xTaskGetTickCount
 .text.uxTaskGetNumberOfTasks
                0x20009aa8        0xc CMakeFiles/picoprobe.dir/freertos/tasks.c.obj
                0x20009aa8                uxTaskGetNumberOfTasks
 .text.xTaskIncrementTick
                0x20009ab4      0x198 CMakeFiles/picoprobe.dir/freertos/tasks.c.obj
                0x20009ab4                xTaskIncrementTick
 .text.xTaskResumeAll
                0x20009c4c      0x15c CMakeFiles/picoprobe.dir/freertos/tasks.c.obj
                0x20009c4c                xTaskResumeAll
 .text.xTaskDelayUntil
                0x20009da8       0xb8 CMakeFiles/picoprobe.dir/freertos/tasks.c.obj
                0x20009da8                xTaskDelayUntil
 .text.vTaskDelay
                0x20009e60       0x48 CMakeFiles/picoprobe.dir/freertos/tasks.c.obj
                0x20009e60                vTaskDelay
 .text.vTaskSwitchContext
                0x20009ea8       0xd4 CMakeFiles/picoprobe.dir/freertos/tasks.c.obj
                0x20009ea8                vTaskSwitchContext
 .text.vTaskSuspend
                0x20009f7c       0xd4 CMakeFiles/picoprobe.dir/freertos/tasks.c.obj
                0x20009f7c                vTaskSuspend
 .text.vTaskPlaceOnEventList
                0x2000a050       0x3c CMakeFiles/picoprobe.dir/freertos/tasks.c.obj
                0x2000a050                vTaskPlaceOnEventList
 .text.vTaskPlaceOnUnorderedEventList
                0x2000a08c       0x80 CMakeFiles/picoprobe.dir/freertos/tasks.c.obj
                0x2000a08c                vTaskPlaceOnUnorderedEventList
 .text.vTaskPlaceOnEventListRestricted
                0x2000a10c       0x60 CMakeFiles/picoprobe.dir/freertos/tasks.c.obj
                0x2000a10c                vTaskPlaceOnEventListRestricted
 .text.xTaskRemoveFromEventList
                0x2000a16c      0x100 CMakeFiles/picoprobe.dir/freertos/tasks.c.obj
                0x2000a16c                xTaskRemoveFromEventList
 .text.vTaskRemoveFromUnorderedEventList
                0x2000a26c       0xf8 CMakeFiles/picoprobe.dir/freertos/tasks.c.obj
                0x2000a26c                vTaskRemoveFromUnorderedEventList
 .text.vTaskInternalSetTimeOutState
                0x2000a364       0x18 CMakeFiles/picoprobe.dir/freertos/tasks.c.obj
                0x2000a364                vTaskInternalSetTimeOutState
 .text.xTaskCheckForTimeOut
                0x2000a37c       0xb4 CMakeFiles/picoprobe.dir/freertos/tasks.c.obj
                0x2000a37c                xTaskCheckForTimeOut
 .text.vTaskMissedYield
                0x2000a430        0xc CMakeFiles/picoprobe.dir/freertos/tasks.c.obj
                0x2000a430                vTaskMissedYield
 .text.xTaskGetCurrentTaskHandle
                0x2000a43c        0xc CMakeFiles/picoprobe.dir/freertos/tasks.c.obj
                0x2000a43c                xTaskGetCurrentTaskHandle
 .text.xTaskGetSchedulerState
                0x2000a448       0x24 CMakeFiles/picoprobe.dir/freertos/tasks.c.obj
                0x2000a448                xTaskGetSchedulerState
 .text.xTaskPriorityDisinherit
                0x2000a46c       0xc0 CMakeFiles/picoprobe.dir/freertos/tasks.c.obj
                0x2000a46c                xTaskPriorityDisinherit
 .text.uxTaskResetEventItemValue
                0x2000a52c       0x18 CMakeFiles/picoprobe.dir/freertos/tasks.c.obj
                0x2000a52c                uxTaskResetEventItemValue
 .text.prvGetNextExpireTime
                0x2000a544       0x24 CMakeFiles/picoprobe.dir/freertos/timers.c.obj
 .text.prvInsertTimerInActiveList
                0x2000a568       0x48 CMakeFiles/picoprobe.dir/freertos/timers.c.obj
 .text.prvReloadTimer
                0x2000a5b0       0x2a CMakeFiles/picoprobe.dir/freertos/timers.c.obj
 *fill*         0x2000a5da        0x2 
 .text.prvProcessExpiredTimer
                0x2000a5dc       0x3c CMakeFiles/picoprobe.dir/freertos/timers.c.obj
 .text.prvSwitchTimerLists
                0x2000a618       0x30 CMakeFiles/picoprobe.dir/freertos/timers.c.obj
 .text.prvSampleTimeNow
                0x2000a648       0x2c CMakeFiles/picoprobe.dir/freertos/timers.c.obj
 .text.prvProcessTimerOrBlockTask
                0x2000a674       0x70 CMakeFiles/picoprobe.dir/freertos/timers.c.obj
 .text.prvProcessReceivedCommands
                0x2000a6e4      0x108 CMakeFiles/picoprobe.dir/freertos/timers.c.obj
 .text.prvTimerTask
                0x2000a7ec       0x16 CMakeFiles/picoprobe.dir/freertos/timers.c.obj
 *fill*         0x2000a802        0x2 
 .text.prvCheckForValidListAndQueue
                0x2000a804       0x60 CMakeFiles/picoprobe.dir/freertos/timers.c.obj
 .text.xTimerCreateTimerTask
                0x2000a864       0x58 CMakeFiles/picoprobe.dir/freertos/timers.c.obj
                0x2000a864                xTimerCreateTimerTask
 .text.xTimerPendFunctionCallFromISR
                0x2000a8bc       0x28 CMakeFiles/picoprobe.dir/freertos/timers.c.obj
                0x2000a8bc                xTimerPendFunctionCallFromISR
 .text.exception_is_compile_time_default
                0x2000a8e4       0x20 CMakeFiles/picoprobe.dir/D_/Program_Files/Pico_SDK_v1.5.0/pico-sdk/src/rp2_common/hardware_exception/exception.c.obj
 .text.set_raw_exception_handler_and_restore_interrupts
                0x2000a904       0x18 CMakeFiles/picoprobe.dir/D_/Program_Files/Pico_SDK_v1.5.0/pico-sdk/src/rp2_common/hardware_exception/exception.c.obj
 .text.exception_get_vtable_handler
                0x2000a91c       0x10 CMakeFiles/picoprobe.dir/D_/Program_Files/Pico_SDK_v1.5.0/pico-sdk/src/rp2_common/hardware_exception/exception.c.obj
                0x2000a91c                exception_get_vtable_handler
 .text.exception_set_exclusive_handler
                0x2000a92c       0x44 CMakeFiles/picoprobe.dir/D_/Program_Files/Pico_SDK_v1.5.0/pico-sdk/src/rp2_common/hardware_exception/exception.c.obj
                0x2000a92c                exception_set_exclusive_handler
 .text.pvPortMalloc
                0x2000a970       0x8c CMakeFiles/picoprobe.dir/freertos/portable/MemMang/heap_1.c.obj
                0x2000a970                pvPortMalloc
 .text.vPortFree
                0x2000a9fc       0x20 CMakeFiles/picoprobe.dir/freertos/portable/MemMang/heap_1.c.obj
                0x2000a9fc                vPortFree
 .text          0x2000aa1c        0x4 d:/program files/pico sdk v1.5.0/gcc-arm-none-eabi/bin/../lib/gcc/arm-none-eabi/10.3.1/thumb/v6-m/nofp\libgcc.a(_dvmd_tls.o)
                0x2000aa1c                __aeabi_idiv0
                0x2000aa1c                __aeabi_ldiv0
 .text.strlen   0x2000aa20       0x5c d:/program files/pico sdk v1.5.0/gcc-arm-none-eabi/bin/../lib/gcc/arm-none-eabi/10.3.1/../../../../arm-none-eabi/lib/thumb/v6-m/nofp\libg.a(lib_a-strlen-stub.o)
                0x2000aa20                strlen
 *(.fini)
 .fini          0x2000aa7c        0x4 d:/program files/pico sdk v1.5.0/gcc-arm-none-eabi/bin/../lib/gcc/arm-none-eabi/10.3.1/thumb/v6-m/nofp/crti.o
                0x2000aa7c                _fini
 *crtbegin.o(.ctors)
 *crtbegin?.o(.ctors)
 *(EXCLUDE_FILE(*crtend.o *crtend?.o) .ctors)
 *(SORT_BY_NAME(.ctors.*))
 *(.ctors)
 *crtbegin.o(.dtors)
 *crtbegin?.o(.dtors)
 *(EXCLUDE_FILE(*crtend.o *crtend?.o) .dtors)
 *(SORT_BY_NAME(.dtors.*))
 *(.dtors)
 *(.eh_frame*)
 .eh_frame      0x2000aa80        0x0 d:/program files/pico sdk v1.5.0/gcc-arm-none-eabi/bin/../lib/gcc/arm-none-eabi/10.3.1/thumb/v6-m/nofp/crtbegin.o
                0x2000aa80                . = ALIGN (0x4)
                0x2000aa80                __ram_text_end__ = .
                0x100002f8                __ram_text_source__ = LOADADDR (.text)

.glue_7         0x2000aa80        0x0 load address 0x1000acb8
 .glue_7        0x2000aa80        0x0 linker stubs

.glue_7t        0x2000aa80        0x0 load address 0x1000acb8
 .glue_7t       0x2000aa80        0x0 linker stubs

.vfp11_veneer   0x2000aa80        0x0 load address 0x1000acb8
 .vfp11_veneer  0x2000aa80        0x0 linker stubs

.v4_bx          0x2000aa80        0x0 load address 0x1000acb8
 .v4_bx         0x2000aa80        0x0 linker stubs

.iplt           0x2000aa80        0x0 load address 0x1000acb8
 .iplt          0x2000aa80        0x0 d:/program files/pico sdk v1.5.0/gcc-arm-none-eabi/bin/../lib/gcc/arm-none-eabi/10.3.1/thumb/v6-m/nofp/crtbegin.o

.rel.dyn        0x2000aa80        0x0 load address 0x1000acb8
 .rel.iplt      0x2000aa80        0x0 d:/program files/pico sdk v1.5.0/gcc-arm-none-eabi/bin/../lib/gcc/arm-none-eabi/10.3.1/thumb/v6-m/nofp/crtbegin.o

.data           0x2000aa80     0x3058 load address 0x1000acb8
                0x2000aa80                __data_start__ = .
 *(vtable)
 *(.time_critical*)
 .time_critical.mutex_try_enter
                0x2000aa80       0x42 CMakeFiles/picoprobe.dir/D_/Program_Files/Pico_SDK_v1.5.0/pico-sdk/src/common/pico_sync/mutex.c.obj
                0x2000aa80                mutex_try_enter
 *fill*         0x2000aac2        0x2 
 .time_critical.mutex_enter_block_until
                0x2000aac4       0x78 CMakeFiles/picoprobe.dir/D_/Program_Files/Pico_SDK_v1.5.0/pico-sdk/src/common/pico_sync/mutex.c.obj
                0x2000aac4                mutex_enter_block_until
 .time_critical.mutex_try_enter_block_until
                0x2000ab3c       0x32 CMakeFiles/picoprobe.dir/D_/Program_Files/Pico_SDK_v1.5.0/pico-sdk/src/common/pico_sync/mutex.c.obj
                0x2000ab3c                mutex_try_enter_block_until
 *fill*         0x2000ab6e        0x2 
 .time_critical.mutex_enter_timeout_ms
                0x2000ab70       0x68 CMakeFiles/picoprobe.dir/D_/Program_Files/Pico_SDK_v1.5.0/pico-sdk/src/common/pico_sync/mutex.c.obj
                0x2000ab70                mutex_enter_timeout_ms
 .time_critical.mutex_exit
                0x2000abd8       0x40 CMakeFiles/picoprobe.dir/D_/Program_Files/Pico_SDK_v1.5.0/pico-sdk/src/common/pico_sync/mutex.c.obj
                0x2000abd8                mutex_exit
 .time_critical.flash_init_boot2_copyout
                0x2000ac18       0x30 CMakeFiles/picoprobe.dir/D_/Program_Files/Pico_SDK_v1.5.0/pico-sdk/src/rp2_common/hardware_flash/flash.c.obj
 .time_critical.flash_enable_xip_via_boot2
                0x2000ac48       0x10 CMakeFiles/picoprobe.dir/D_/Program_Files/Pico_SDK_v1.5.0/pico-sdk/src/rp2_common/hardware_flash/flash.c.obj
 .time_critical.flash_cs_force
                0x2000ac58       0x28 CMakeFiles/picoprobe.dir/D_/Program_Files/Pico_SDK_v1.5.0/pico-sdk/src/rp2_common/hardware_flash/flash.c.obj
 .time_critical.flash_do_cmd
                0x2000ac80       0xd8 CMakeFiles/picoprobe.dir/D_/Program_Files/Pico_SDK_v1.5.0/pico-sdk/src/rp2_common/hardware_flash/flash.c.obj
                0x2000ac80                flash_do_cmd
 .time_critical.reset_non_control_endpoints
                0x2000ad58       0x40 CMakeFiles/picoprobe.dir/D_/Program_Files/Pico_SDK_v1.5.0/pico-sdk/lib/tinyusb/src/portable/raspberrypi/rp2040/dcd_rp2040.c.obj
 .time_critical.hw_handle_buff_status
                0x2000ad98       0xa4 CMakeFiles/picoprobe.dir/D_/Program_Files/Pico_SDK_v1.5.0/pico-sdk/lib/tinyusb/src/portable/raspberrypi/rp2040/dcd_rp2040.c.obj
 .time_critical.dcd_rp2040_irq
                0x2000ae3c      0x1d4 CMakeFiles/picoprobe.dir/D_/Program_Files/Pico_SDK_v1.5.0/pico-sdk/lib/tinyusb/src/portable/raspberrypi/rp2040/dcd_rp2040.c.obj
 .time_critical.e15_is_bulkin_ep
                0x2000b010       0x2c CMakeFiles/picoprobe.dir/D_/Program_Files/Pico_SDK_v1.5.0/pico-sdk/lib/tinyusb/src/portable/raspberrypi/rp2040/rp2040_usb.c.obj
 .time_critical.e15_is_critical_frame_period
                0x2000b03c       0x30 CMakeFiles/picoprobe.dir/D_/Program_Files/Pico_SDK_v1.5.0/pico-sdk/lib/tinyusb/src/portable/raspberrypi/rp2040/rp2040_usb.c.obj
 .time_critical.prepare_ep_buffer
                0x2000b06c       0x70 CMakeFiles/picoprobe.dir/D_/Program_Files/Pico_SDK_v1.5.0/pico-sdk/lib/tinyusb/src/portable/raspberrypi/rp2040/rp2040_usb.c.obj
 .time_critical.sync_ep_buffer